[www.ampleadmin.wrappixel.com/ampleadmin-html/ampleadmin-sidebar/ticket-list.html]
[www.ampleadmin.wrappixel.com/assets/images/favicon.png]
[backblue.gif]
[fade.gif]
[index.html]
[www.ampleadmin.wrappixel.com/ampleadmin-html/ampleadmin-sidebar/index.html]
[www.ampleadmin.wrappixel.com/dist/css/style.min.css]
[www.ampleadmin.wrappixel.com/assets/images/logos/logo-icon.png]
[www.ampleadmin.wrappixel.com/assets/images/logos/logo-light-icon.png]
[www.ampleadmin.wrappixel.com/assets/images/logos/logo-text.png]
[www.ampleadmin.wrappixel.com/assets/images/logos/logo-light-text.png]
[www.ampleadmin.wrappixel.com/assets/images/users/1.jpg]
[www.ampleadmin.wrappixel.com/assets/images/users/2.jpg]
[www.ampleadmin.wrappixel.com/assets/images/users/3.jpg]
[www.ampleadmin.wrappixel.com/assets/images/users/4.jpg]
[www.ampleadmin.wrappixel.com/assets/images/big/img1.jpg]
[www.ampleadmin.wrappixel.com/assets/images/big/img2.jpg]
[www.ampleadmin.wrappixel.com/assets/images/big/img3.jpg]
[www.ampleadmin.wrappixel.com/ampleadmin-html/ampleadmin-sidebar/index2.html]
[www.ampleadmin.wrappixel.com/ampleadmin-html/ampleadmin-sidebar/index3.html]
[www.ampleadmin.wrappixel.com/ampleadmin-html/ampleadmin-sidebar/index4.html]
[www.ampleadmin.wrappixel.com/ampleadmin-html/ampleadmin-sidebar/index5.html]
[www.ampleadmin.wrappixel.com/ampleadmin-html/ampleadmin-sidebar/index6.html]
[www.ampleadmin.wrappixel.com/ampleadmin-html/ampleadmin-sidebar/eco-products.html]
[www.ampleadmin.wrappixel.com/ampleadmin-html/ampleadmin-sidebar/eco-products-cart.html]
[www.ampleadmin.wrappixel.com/ampleadmin-html/ampleadmin-sidebar/eco-products-edit.html]
[www.ampleadmin.wrappixel.com/ampleadmin-html/ampleadmin-sidebar/eco-products-detail.html]
[www.ampleadmin.wrappixel.com/ampleadmin-html/ampleadmin-sidebar/eco-products-orders.html]
[www.ampleadmin.wrappixel.com/ampleadmin-html/ampleadmin-sidebar/eco-products-checkout.html]
[www.ampleadmin.wrappixel.com/ampleadmin-html/ampleadmin-sidebar/ui-buttons.html]
[www.ampleadmin.wrappixel.com/ampleadmin-html/ampleadmin-sidebar/ui-modals.html]
[www.ampleadmin.wrappixel.com/ampleadmin-html/ampleadmin-sidebar/ui-tab.html]
[www.ampleadmin.wrappixel.com/ampleadmin-html/ampleadmin-sidebar/ui-tooltip-popover.html]
[www.ampleadmin.wrappixel.com/ampleadmin-html/ampleadmin-sidebar/ui-notification.html]
[www.ampleadmin.wrappixel.com/ampleadmin-html/ampleadmin-sidebar/ui-progressbar.html]
[www.ampleadmin.wrappixel.com/ampleadmin-html/ampleadmin-sidebar/ui-typography.html]
[www.ampleadmin.wrappixel.com/ampleadmin-html/ampleadmin-sidebar/ui-bootstrap.html]
[www.ampleadmin.wrappixel.com/ampleadmin-html/ampleadmin-sidebar/ui-breadcrumb.html]
[www.ampleadmin.wrappixel.com/ampleadmin-html/ampleadmin-sidebar/ui-list-media.html]
[www.ampleadmin.wrappixel.com/ampleadmin-html/ampleadmin-sidebar/ui-grid.html]
[www.ampleadmin.wrappixel.com/ampleadmin-html/ampleadmin-sidebar/ui-carousel.html]
[www.ampleadmin.wrappixel.com/ampleadmin-html/ampleadmin-sidebar/ui-scrollspy.html]
[www.ampleadmin.wrappixel.com/ampleadmin-html/ampleadmin-sidebar/ui-spinner.html]
[www.ampleadmin.wrappixel.com/ampleadmin-html/ampleadmin-sidebar/ui-toasts.html]
[www.ampleadmin.wrappixel.com/ampleadmin-html/ampleadmin-sidebar/starter-kit.html]
[www.ampleadmin.wrappixel.com/ampleadmin-html/ampleadmin-sidebar/email-templete-alert.html]
[www.ampleadmin.wrappixel.com/ampleadmin-html/ampleadmin-sidebar/email-templete-basic.html]
[www.ampleadmin.wrappixel.com/ampleadmin-html/ampleadmin-sidebar/email-templete-billing.html]
[www.ampleadmin.wrappixel.com/ampleadmin-html/ampleadmin-sidebar/email-templete-password-reset.html]
[www.ampleadmin.wrappixel.com/ampleadmin-html/ampleadmin-sidebar/authentication-login1.html]
[www.ampleadmin.wrappixel.com/ampleadmin-html/ampleadmin-sidebar/authentication-login2.html]
[www.ampleadmin.wrappixel.com/ampleadmin-html/ampleadmin-sidebar/authentication-register1.html]
[www.ampleadmin.wrappixel.com/ampleadmin-html/ampleadmin-sidebar/authentication-register2.html]
[www.ampleadmin.wrappixel.com/ampleadmin-html/ampleadmin-sidebar/authentication-lockscreen.html]
[www.ampleadmin.wrappixel.com/ampleadmin-html/ampleadmin-sidebar/authentication-recover-password.html]
[www.ampleadmin.wrappixel.com/ampleadmin-html/ampleadmin-sidebar/error-400.html]
[www.ampleadmin.wrappixel.com/ampleadmin-html/ampleadmin-sidebar/error-403.html]
[www.ampleadmin.wrappixel.com/ampleadmin-html/ampleadmin-sidebar/error-404.html]
[www.ampleadmin.wrappixel.com/ampleadmin-html/ampleadmin-sidebar/error-500.html]
[www.ampleadmin.wrappixel.com/ampleadmin-html/ampleadmin-sidebar/error-503.html]
[www.ampleadmin.wrappixel.com/ampleadmin-html/ampleadmin-sidebar/pages-block-ui.html]
[www.ampleadmin.wrappixel.com/ampleadmin-html/ampleadmin-sidebar/pages-session-timeout.html]
[www.ampleadmin.wrappixel.com/ampleadmin-html/ampleadmin-sidebar/pages-session-idle-timeout.html]
[www.ampleadmin.wrappixel.com/ampleadmin-html/ampleadmin-sidebar/pages-utility-classes.html]
[www.ampleadmin.wrappixel.com/ampleadmin-html/ampleadmin-sidebar/pages-maintenance.html]
[www.ampleadmin.wrappixel.com/ampleadmin-html/ampleadmin-sidebar/app-chats.html]
[www.ampleadmin.wrappixel.com/ampleadmin-html/ampleadmin-sidebar/inbox-email.html]
[www.ampleadmin.wrappixel.com/ampleadmin-html/ampleadmin-sidebar/inbox-email-detail.html]
[www.ampleadmin.wrappixel.com/ampleadmin-html/ampleadmin-sidebar/inbox-email-compose.html]
[www.ampleadmin.wrappixel.com/ampleadmin-html/ampleadmin-sidebar/contact-list.html]
[www.ampleadmin.wrappixel.com/ampleadmin-html/ampleadmin-sidebar/contact-grid.html]
[www.ampleadmin.wrappixel.com/ampleadmin-html/ampleadmin-sidebar/ticket-detail.html]
[www.ampleadmin.wrappixel.com/ampleadmin-html/ampleadmin-sidebar/app-taskboard.html]
[www.ampleadmin.wrappixel.com/ampleadmin-html/ampleadmin-sidebar/sidebar-type-minisidebar.html]
[www.ampleadmin.wrappixel.com/ampleadmin-html/ampleadmin-sidebar/sidebar-type-iconsidebar.html]
[www.ampleadmin.wrappixel.com/ampleadmin-html/ampleadmin-sidebar/sidebar-type-overlaysidebar.html]
[www.ampleadmin.wrappixel.com/ampleadmin-html/ampleadmin-sidebar/sidebar-type-fullsidebar.html]
[www.ampleadmin.wrappixel.com/ampleadmin-html/ampleadmin-sidebar/layout-inner-fixed-left-sidebar.html]
[www.ampleadmin.wrappixel.com/ampleadmin-html/ampleadmin-sidebar/layout-inner-fixed-right-sidebar.html]
[www.ampleadmin.wrappixel.com/ampleadmin-html/ampleadmin-sidebar/layout-inner-left-sidebar.html]
[www.ampleadmin.wrappixel.com/ampleadmin-html/ampleadmin-sidebar/layout-inner-right-sidebar.html]
[www.ampleadmin.wrappixel.com/ampleadmin-html/ampleadmin-sidebar/page-layout-fixed-header.html]
[www.ampleadmin.wrappixel.com/ampleadmin-html/ampleadmin-sidebar/page-layout-fixed-sidebar.html]
[www.ampleadmin.wrappixel.com/ampleadmin-html/ampleadmin-sidebar/page-layout-fixed-header-sidebar.html]
[www.ampleadmin.wrappixel.com/ampleadmin-html/ampleadmin-sidebar/page-layout-boxed-layout.html]
[www.ampleadmin.wrappixel.com/ampleadmin-html/ampleadmin-sidebar/form-inputs.html]
[www.ampleadmin.wrappixel.com/ampleadmin-html/ampleadmin-sidebar/form-input-groups.html]
[www.ampleadmin.wrappixel.com/ampleadmin-html/ampleadmin-sidebar/form-input-grid.html]
[www.ampleadmin.wrappixel.com/ampleadmin-html/ampleadmin-sidebar/form-checkbox-radio.html]
[www.ampleadmin.wrappixel.com/ampleadmin-html/ampleadmin-sidebar/form-bootstrap-touchspin.html]
[www.ampleadmin.wrappixel.com/ampleadmin-html/ampleadmin-sidebar/form-bootstrap-switch.html]
[www.ampleadmin.wrappixel.com/ampleadmin-html/ampleadmin-sidebar/form-select2.html]
[www.ampleadmin.wrappixel.com/ampleadmin-html/ampleadmin-sidebar/form-dual-listbox.html]
[www.ampleadmin.wrappixel.com/ampleadmin-html/ampleadmin-sidebar/form-xditable.html]
[www.ampleadmin.wrappixel.com/ampleadmin-html/ampleadmin-sidebar/form-basic.html]
[www.ampleadmin.wrappixel.com/ampleadmin-html/ampleadmin-sidebar/form-horizontal.html]
[www.ampleadmin.wrappixel.com/ampleadmin-html/ampleadmin-sidebar/form-actions.html]
[www.ampleadmin.wrappixel.com/ampleadmin-html/ampleadmin-sidebar/form-row-separator.html]
[www.ampleadmin.wrappixel.com/ampleadmin-html/ampleadmin-sidebar/form-bordered.html]
[www.ampleadmin.wrappixel.com/ampleadmin-html/ampleadmin-sidebar/form-striped-row.html]
[www.ampleadmin.wrappixel.com/ampleadmin-html/ampleadmin-sidebar/form-detail.html]
[www.ampleadmin.wrappixel.com/ampleadmin-html/ampleadmin-sidebar/form-material.html]
[www.ampleadmin.wrappixel.com/ampleadmin-html/ampleadmin-sidebar/form-float-input.html]
[www.ampleadmin.wrappixel.com/ampleadmin-html/ampleadmin-sidebar/form-paginator.html]
[www.ampleadmin.wrappixel.com/ampleadmin-html/ampleadmin-sidebar/form-img-cropper.html]
[www.ampleadmin.wrappixel.com/ampleadmin-html/ampleadmin-sidebar/form-dropzone.html]
[www.ampleadmin.wrappixel.com/ampleadmin-html/ampleadmin-sidebar/form-mask.html]
[www.ampleadmin.wrappixel.com/ampleadmin-html/ampleadmin-sidebar/form-typeahead.html]
[www.ampleadmin.wrappixel.com/ampleadmin-html/ampleadmin-sidebar/form-bootstrap-validation.html]
[www.ampleadmin.wrappixel.com/ampleadmin-html/ampleadmin-sidebar/form-custom-validation.html]
[www.ampleadmin.wrappixel.com/ampleadmin-html/ampleadmin-sidebar/form-picker-colorpicker.html]
[www.ampleadmin.wrappixel.com/ampleadmin-html/ampleadmin-sidebar/form-picker-datetimepicker.html]
[www.ampleadmin.wrappixel.com/ampleadmin-html/ampleadmin-sidebar/form-picker-bootstrap-rangepicker.html]
[www.ampleadmin.wrappixel.com/ampleadmin-html/ampleadmin-sidebar/form-picker-bootstrap-datepicker.html]
[www.ampleadmin.wrappixel.com/ampleadmin-html/ampleadmin-sidebar/form-picker-material-datepicker.html]
[www.ampleadmin.wrappixel.com/ampleadmin-html/ampleadmin-sidebar/form-editor-ckeditor.html]
[www.ampleadmin.wrappixel.com/ampleadmin-html/ampleadmin-sidebar/form-editor-quill.html]
[www.ampleadmin.wrappixel.com/ampleadmin-html/ampleadmin-sidebar/form-editor-summernote.html]
[www.ampleadmin.wrappixel.com/ampleadmin-html/ampleadmin-sidebar/form-editor-tinymce.html]
[www.ampleadmin.wrappixel.com/ampleadmin-html/ampleadmin-sidebar/form-wizard.html]
[www.ampleadmin.wrappixel.com/ampleadmin-html/ampleadmin-sidebar/form-repeater.html]
[www.ampleadmin.wrappixel.com/ampleadmin-html/ampleadmin-sidebar/table-basic.html]
[www.ampleadmin.wrappixel.com/ampleadmin-html/ampleadmin-sidebar/table-dark-basic.html]
[www.ampleadmin.wrappixel.com/ampleadmin-html/ampleadmin-sidebar/table-sizing.html]
[www.ampleadmin.wrappixel.com/ampleadmin-html/ampleadmin-sidebar/table-layout-coloured.html]
[www.ampleadmin.wrappixel.com/ampleadmin-html/ampleadmin-sidebar/table-datatable-basic.html]
[www.ampleadmin.wrappixel.com/ampleadmin-html/ampleadmin-sidebar/table-datatable-api.html]
[www.ampleadmin.wrappixel.com/ampleadmin-html/ampleadmin-sidebar/table-datatable-advanced.html]
[www.ampleadmin.wrappixel.com/ampleadmin-html/ampleadmin-sidebar/table-bootstrap.html]
[www.ampleadmin.wrappixel.com/ampleadmin-html/ampleadmin-sidebar/table-jsgrid.html]
[www.ampleadmin.wrappixel.com/ampleadmin-html/ampleadmin-sidebar/table-responsive.html]
[www.ampleadmin.wrappixel.com/ampleadmin-html/ampleadmin-sidebar/table-footable.html]
[www.ampleadmin.wrappixel.com/ampleadmin-html/ampleadmin-sidebar/chart-morris.html]
[www.ampleadmin.wrappixel.com/ampleadmin-html/ampleadmin-sidebar/chart-chart-js.html]
[www.ampleadmin.wrappixel.com/ampleadmin-html/ampleadmin-sidebar/chart-sparkline.html]
[www.ampleadmin.wrappixel.com/ampleadmin-html/ampleadmin-sidebar/chart-chartist.html]
[www.ampleadmin.wrappixel.com/ampleadmin-html/ampleadmin-sidebar/chart-c3-axis.html]
[www.ampleadmin.wrappixel.com/ampleadmin-html/ampleadmin-sidebar/chart-c3-bar.html]
[www.ampleadmin.wrappixel.com/ampleadmin-html/ampleadmin-sidebar/chart-c3-data.html]
[www.ampleadmin.wrappixel.com/ampleadmin-html/ampleadmin-sidebar/chart-c3-line.html]
[www.ampleadmin.wrappixel.com/ampleadmin-html/ampleadmin-sidebar/chart-echart-basic.html]
[www.ampleadmin.wrappixel.com/ampleadmin-html/ampleadmin-sidebar/chart-echart-bar.html]
[www.ampleadmin.wrappixel.com/ampleadmin-html/ampleadmin-sidebar/chart-echart-pie-doughnut.html]
[www.ampleadmin.wrappixel.com/ampleadmin-html/ampleadmin-sidebar/ui-cards.html]
[www.ampleadmin.wrappixel.com/ampleadmin-html/ampleadmin-sidebar/ui-card-customs.html]
[www.ampleadmin.wrappixel.com/ampleadmin-html/ampleadmin-sidebar/ui-card-weather.html]
[www.ampleadmin.wrappixel.com/ampleadmin-html/ampleadmin-sidebar/ui-card-draggable.html]
[www.ampleadmin.wrappixel.com/ampleadmin-html/ampleadmin-sidebar/component-sweetalert.html]
[www.ampleadmin.wrappixel.com/ampleadmin-html/ampleadmin-sidebar/component-nestable.html]
[www.ampleadmin.wrappixel.com/ampleadmin-html/ampleadmin-sidebar/component-noui-slider.html]
[www.ampleadmin.wrappixel.com/ampleadmin-html/ampleadmin-sidebar/component-rating.html]
[www.ampleadmin.wrappixel.com/ampleadmin-html/ampleadmin-sidebar/component-toastr.html]
[www.ampleadmin.wrappixel.com/ampleadmin-html/ampleadmin-sidebar/widgets-apps.html]
[www.ampleadmin.wrappixel.com/ampleadmin-html/ampleadmin-sidebar/widgets-data.html]
[www.ampleadmin.wrappixel.com/ampleadmin-html/ampleadmin-sidebar/widgets-charts.html]
[www.ampleadmin.wrappixel.com/ampleadmin-html/ampleadmin-sidebar/icon-fontawesome.html]
[www.ampleadmin.wrappixel.com/ampleadmin-html/ampleadmin-sidebar/icon-material.html]
[www.ampleadmin.wrappixel.com/ampleadmin-html/ampleadmin-sidebar/icon-themify.html]
[www.ampleadmin.wrappixel.com/ampleadmin-html/ampleadmin-sidebar/icon-weather.html]
[www.ampleadmin.wrappixel.com/ampleadmin-html/ampleadmin-sidebar/icon-simple-lineicon.html]
[www.ampleadmin.wrappixel.com/ampleadmin-html/ampleadmin-sidebar/icon-flag.html]
[www.ampleadmin.wrappixel.com/ampleadmin-html/ampleadmin-sidebar/map-google.html]
[www.ampleadmin.wrappixel.com/ampleadmin-html/ampleadmin-sidebar/map-vector.html]
[www.ampleadmin.wrappixel.com/ampleadmin-html/ampleadmin-sidebar/ui-user-card.html]
[www.ampleadmin.wrappixel.com/ampleadmin-html/ampleadmin-sidebar/pages-profile.html]
[www.ampleadmin.wrappixel.com/ampleadmin-html/ampleadmin-sidebar/ui-user-contacts.html]
[www.ampleadmin.wrappixel.com/ampleadmin-html/ampleadmin-sidebar/pages-invoice.html]
[www.ampleadmin.wrappixel.com/ampleadmin-html/ampleadmin-sidebar/pages-invoice-list.html]
[www.ampleadmin.wrappixel.com/ampleadmin-html/ampleadmin-sidebar/timeline-center.html]
[www.ampleadmin.wrappixel.com/ampleadmin-html/ampleadmin-sidebar/timeline-horizontal.html]
[www.ampleadmin.wrappixel.com/ampleadmin-html/ampleadmin-sidebar/timeline-left.html]
[www.ampleadmin.wrappixel.com/ampleadmin-html/ampleadmin-sidebar/timeline-right.html]
[www.ampleadmin.wrappixel.com/ampleadmin-html/ampleadmin-sidebar/app-calendar.html]
[www.ampleadmin.wrappixel.com/ampleadmin-html/ampleadmin-sidebar/pages-faq.html]
[www.ampleadmin.wrappixel.com/assets/images/users/5.jpg]
[www.ampleadmin.wrappixel.com/assets/images/users/6.jpg]
[www.ampleadmin.wrappixel.com/assets/images/users/7.jpg]
[www.ampleadmin.wrappixel.com/assets/images/users/8.jpg]
[www.ampleadmin.wrappixel.com/assets/libs/jquery/dist/jquery.min.js]
[www.ampleadmin.wrappixel.com/assets/extra-libs/taskboard/js/jquery.ui.touch-punch-improved.js]
[www.ampleadmin.wrappixel.com/assets/libs/popper.js/dist/umd/popper.min.js]
[www.ampleadmin.wrappixel.com/assets/libs/bootstrap/dist/js/bootstrap.min.js]
[www.ampleadmin.wrappixel.com/dist/js/app.min.js]
[www.ampleadmin.wrappixel.com/assets/extra-libs/taskboard/js/jquery-ui.min.js]
[www.ampleadmin.wrappixel.com/dist/js/app.init.js]
[www.ampleadmin.wrappixel.com/dist/js/app-style-switcher.js]
[www.ampleadmin.wrappixel.com/assets/libs/perfect-scrollbar/dist/perfect-scrollbar.jquery.min.js]
[www.ampleadmin.wrappixel.com/assets/extra-libs/sparkline/sparkline.js]
[www.ampleadmin.wrappixel.com/dist/js/waves.js]
[www.ampleadmin.wrappixel.com/dist/js/sidebarmenu.js]
[www.ampleadmin.wrappixel.com/dist/js/custom.min.js]
[www.ampleadmin.wrappixel.com/ampleadmin-html/ampleadmin-sidebar/ticket-list.html]
[www.ampleadmin.wrappixel.com/dist/css/icons/font-awesome/webfonts/fa-brands-400.eot]
[www.ampleadmin.wrappixel.com/dist/css/icons/font-awesome/webfonts/fa-brands-400d41d.eot]
[www.ampleadmin.wrappixel.com/dist/css/icons/font-awesome/webfonts/fa-brands-400.woff]
[www.ampleadmin.wrappixel.com/dist/css/icons/font-awesome/webfonts/fa-brands-400.ttf]
[www.ampleadmin.wrappixel.com/dist/css/icons/font-awesome/webfonts/fa-regular-400.eot]
[www.ampleadmin.wrappixel.com/dist/css/icons/font-awesome/webfonts/fa-regular-400d41d.eot]
[www.ampleadmin.wrappixel.com/dist/css/icons/font-awesome/webfonts/fa-regular-400.woff]
[www.ampleadmin.wrappixel.com/dist/css/icons/font-awesome/webfonts/fa-brands-400.svg]
[www.ampleadmin.wrappixel.com/dist/css/icons/font-awesome/webfonts/fa-solid-900.woff]
[www.ampleadmin.wrappixel.com/dist/css/icons/font-awesome/webfonts/fa-solid-900.ttf]
[www.ampleadmin.wrappixel.com/dist/css/icons/simple-line-icons/fonts/Simple-Line-Icons4c82.eot]
[www.ampleadmin.wrappixel.com/dist/css/icons/simple-line-icons/fonts/Simple-Line-Iconsd41d.eot]
[www.ampleadmin.wrappixel.com/dist/css/icons/simple-line-icons/fonts/Simple-Line-Icons4c82.ttf]
[www.ampleadmin.wrappixel.com/dist/css/icons/simple-line-icons/fonts/Simple-Line-Icons4c82.woff]
[www.ampleadmin.wrappixel.com/dist/css/icons/font-awesome/webfonts/fa-solid-900.svg]
[www.ampleadmin.wrappixel.com/dist/css/icons/weather-icons/fonts/weathericons-regular-webfont.eot]
[www.ampleadmin.wrappixel.com/dist/css/icons/simple-line-icons/fonts/Simple-Line-Icons4c82.svg]
[www.ampleadmin.wrappixel.com/dist/css/icons/weather-icons/fonts/weathericons-regular-webfontd41d.eot]
[www.ampleadmin.wrappixel.com/dist/css/icons/weather-icons/fonts/weathericons-regular-webfont.woff]
[www.ampleadmin.wrappixel.com/dist/css/icons/weather-icons/fonts/weathericons-regular-webfont.ttf]
[www.ampleadmin.wrappixel.com/dist/css/icons/themify-icons/fonts/themify9f24.eot]
[www.ampleadmin.wrappixel.com/dist/css/icons/weather-icons/fonts/weathericons-regular-webfont.svg]
[www.ampleadmin.wrappixel.com/dist/css/icons/themify-icons/fonts/themifyd41d.eot]
[www.ampleadmin.wrappixel.com/dist/css/icons/themify-icons/fonts/themify.woff]
[www.ampleadmin.wrappixel.com/dist/css/icons/themify-icons/fonts/themify.ttf]
[www.ampleadmin.wrappixel.com/dist/css/icons/flag-icon-css/flags/ad.svg]
[www.ampleadmin.wrappixel.com/dist/css/icons/themify-icons/fonts/themify9f24.svg]
[www.ampleadmin.wrappixel.com/dist/css/icons/flag-icon-css/flags/ae.svg]
[www.ampleadmin.wrappixel.com/dist/css/icons/flag-icon-css/flags/af.svg]
[www.ampleadmin.wrappixel.com/dist/css/icons/flag-icon-css/flags/ag.svg]
[www.ampleadmin.wrappixel.com/dist/css/icons/flag-icon-css/flags/ai.svg]
[www.ampleadmin.wrappixel.com/dist/css/icons/flag-icon-css/flags/al.svg]
[www.ampleadmin.wrappixel.com/dist/css/icons/flag-icon-css/flags/am.svg]
[www.ampleadmin.wrappixel.com/dist/css/icons/flag-icon-css/flags/ao.svg]
[www.ampleadmin.wrappixel.com/dist/css/icons/flag-icon-css/flags/aq.svg]
[www.ampleadmin.wrappixel.com/dist/css/icons/flag-icon-css/flags/ar.svg]
[www.ampleadmin.wrappixel.com/dist/css/icons/flag-icon-css/flags/as.svg]
[www.ampleadmin.wrappixel.com/dist/css/icons/flag-icon-css/flags/at.svg]
[www.ampleadmin.wrappixel.com/dist/css/icons/flag-icon-css/flags/au.svg]
[www.ampleadmin.wrappixel.com/dist/css/icons/flag-icon-css/flags/aw.svg]
[www.ampleadmin.wrappixel.com/dist/css/icons/flag-icon-css/flags/ax.svg]
[www.ampleadmin.wrappixel.com/dist/css/icons/flag-icon-css/flags/az.svg]
[www.ampleadmin.wrappixel.com/dist/css/icons/flag-icon-css/flags/ba.svg]
[www.ampleadmin.wrappixel.com/dist/css/icons/flag-icon-css/flags/bb.svg]
[www.ampleadmin.wrappixel.com/dist/css/icons/flag-icon-css/flags/bd.svg]
[www.ampleadmin.wrappixel.com/dist/css/icons/flag-icon-css/flags/be.svg]
[www.ampleadmin.wrappixel.com/dist/css/icons/flag-icon-css/flags/bf.svg]
[www.ampleadmin.wrappixel.com/dist/css/icons/flag-icon-css/flags/bg.svg]
[www.ampleadmin.wrappixel.com/dist/css/icons/flag-icon-css/flags/bh.svg]
[www.ampleadmin.wrappixel.com/dist/css/icons/flag-icon-css/flags/bi.svg]
[www.ampleadmin.wrappixel.com/dist/css/icons/flag-icon-css/flags/bj.svg]
[www.ampleadmin.wrappixel.com/dist/css/icons/flag-icon-css/flags/bl.svg]
[www.ampleadmin.wrappixel.com/dist/css/icons/flag-icon-css/flags/bm.svg]
[www.ampleadmin.wrappixel.com/dist/css/icons/flag-icon-css/flags/bn.svg]
[www.ampleadmin.wrappixel.com/dist/css/icons/flag-icon-css/flags/bo.svg]
[www.ampleadmin.wrappixel.com/dist/css/icons/flag-icon-css/flags/bq.svg]
[www.ampleadmin.wrappixel.com/dist/css/icons/flag-icon-css/flags/br.svg]
[www.ampleadmin.wrappixel.com/dist/css/icons/flag-icon-css/flags/bs.svg]
[www.ampleadmin.wrappixel.com/dist/css/icons/flag-icon-css/flags/bt.svg]
[www.ampleadmin.wrappixel.com/dist/css/icons/flag-icon-css/flags/bv.svg]
[www.ampleadmin.wrappixel.com/dist/css/icons/flag-icon-css/flags/bw.svg]
[www.ampleadmin.wrappixel.com/dist/css/icons/flag-icon-css/flags/by.svg]
[www.ampleadmin.wrappixel.com/dist/css/icons/flag-icon-css/flags/bz.svg]
[www.ampleadmin.wrappixel.com/dist/css/icons/flag-icon-css/flags/ca.svg]
[www.ampleadmin.wrappixel.com/dist/css/icons/flag-icon-css/flags/cc.svg]
[www.ampleadmin.wrappixel.com/dist/css/icons/flag-icon-css/flags/cd.svg]
[www.ampleadmin.wrappixel.com/dist/css/icons/flag-icon-css/flags/cf.svg]
[www.ampleadmin.wrappixel.com/dist/css/icons/flag-icon-css/flags/cg.svg]
[www.ampleadmin.wrappixel.com/dist/css/icons/flag-icon-css/flags/ch.svg]
[www.ampleadmin.wrappixel.com/dist/css/icons/flag-icon-css/flags/ci.svg]
[www.ampleadmin.wrappixel.com/dist/css/icons/flag-icon-css/flags/ck.svg]
[www.ampleadmin.wrappixel.com/dist/css/icons/flag-icon-css/flags/cl.svg]
[www.ampleadmin.wrappixel.com/dist/css/icons/flag-icon-css/flags/cm.svg]
[www.ampleadmin.wrappixel.com/dist/css/icons/flag-icon-css/flags/cn.svg]
[www.ampleadmin.wrappixel.com/dist/css/icons/flag-icon-css/flags/co.svg]
[www.ampleadmin.wrappixel.com/dist/css/icons/flag-icon-css/flags/cr.svg]
[www.ampleadmin.wrappixel.com/dist/css/icons/flag-icon-css/flags/cu.svg]
[www.ampleadmin.wrappixel.com/dist/css/icons/flag-icon-css/flags/cv.svg]
[www.ampleadmin.wrappixel.com/dist/css/icons/flag-icon-css/flags/cw.svg]
[www.ampleadmin.wrappixel.com/dist/css/icons/flag-icon-css/flags/cx.svg]
[www.ampleadmin.wrappixel.com/dist/css/icons/flag-icon-css/flags/cy.svg]
[www.ampleadmin.wrappixel.com/dist/css/icons/flag-icon-css/flags/cz.svg]
[www.ampleadmin.wrappixel.com/dist/css/icons/flag-icon-css/flags/de.svg]
[www.ampleadmin.wrappixel.com/dist/css/icons/flag-icon-css/flags/dj.svg]
[www.ampleadmin.wrappixel.com/dist/css/icons/flag-icon-css/flags/dk.svg]
[www.ampleadmin.wrappixel.com/dist/css/icons/flag-icon-css/flags/dm.svg]
[www.ampleadmin.wrappixel.com/dist/css/icons/flag-icon-css/flags/dz.svg]
[www.ampleadmin.wrappixel.com/dist/css/icons/flag-icon-css/flags/do.svg]
[www.ampleadmin.wrappixel.com/dist/css/icons/flag-icon-css/flags/ec.svg]
[www.ampleadmin.wrappixel.com/dist/css/icons/flag-icon-css/flags/ee.svg]
[www.ampleadmin.wrappixel.com/dist/css/icons/flag-icon-css/flags/eg.svg]
[www.ampleadmin.wrappixel.com/dist/css/icons/flag-icon-css/flags/eh.svg]
[www.ampleadmin.wrappixel.com/dist/css/icons/flag-icon-css/flags/er.svg]
[www.ampleadmin.wrappixel.com/dist/css/icons/flag-icon-css/flags/es.svg]
[www.ampleadmin.wrappixel.com/dist/css/icons/flag-icon-css/flags/et.svg]
[www.ampleadmin.wrappixel.com/dist/css/icons/flag-icon-css/flags/fi.svg]
[www.ampleadmin.wrappixel.com/dist/css/icons/flag-icon-css/flags/fj.svg]
[www.ampleadmin.wrappixel.com/dist/css/icons/flag-icon-css/flags/fk.svg]
[www.ampleadmin.wrappixel.com/dist/css/icons/flag-icon-css/flags/fm.svg]
[www.ampleadmin.wrappixel.com/dist/css/icons/flag-icon-css/flags/fo.svg]
[www.ampleadmin.wrappixel.com/dist/css/icons/flag-icon-css/flags/fr.svg]
[www.ampleadmin.wrappixel.com/dist/css/icons/flag-icon-css/flags/ga.svg]
[www.ampleadmin.wrappixel.com/dist/css/icons/flag-icon-css/flags/gb.svg]
[www.ampleadmin.wrappixel.com/dist/css/icons/flag-icon-css/flags/gd.svg]
[www.ampleadmin.wrappixel.com/dist/css/icons/flag-icon-css/flags/ge.svg]
[www.ampleadmin.wrappixel.com/dist/css/icons/flag-icon-css/flags/gf.svg]
[www.ampleadmin.wrappixel.com/dist/css/icons/flag-icon-css/flags/gg.svg]
[www.ampleadmin.wrappixel.com/dist/css/icons/flag-icon-css/flags/gh.svg]
[www.ampleadmin.wrappixel.com/dist/css/icons/flag-icon-css/flags/gi.svg]
[www.ampleadmin.wrappixel.com/dist/css/icons/flag-icon-css/flags/gl.svg]
[www.ampleadmin.wrappixel.com/dist/css/icons/flag-icon-css/flags/gm.svg]
[www.ampleadmin.wrappixel.com/dist/css/icons/flag-icon-css/flags/gn.svg]
[www.ampleadmin.wrappixel.com/dist/css/icons/flag-icon-css/flags/gp.svg]
[www.ampleadmin.wrappixel.com/dist/css/icons/flag-icon-css/flags/gq.svg]
[www.ampleadmin.wrappixel.com/dist/css/icons/flag-icon-css/flags/gr.svg]
[www.ampleadmin.wrappixel.com/dist/css/icons/flag-icon-css/flags/gs.svg]
[www.ampleadmin.wrappixel.com/dist/css/icons/flag-icon-css/flags/gt.svg]
[www.ampleadmin.wrappixel.com/dist/css/icons/flag-icon-css/flags/gu.svg]
[www.ampleadmin.wrappixel.com/dist/css/icons/flag-icon-css/flags/gw.svg]
[www.ampleadmin.wrappixel.com/dist/css/icons/flag-icon-css/flags/gy.svg]
[www.ampleadmin.wrappixel.com/dist/css/icons/flag-icon-css/flags/hk.svg]
[www.ampleadmin.wrappixel.com/dist/css/icons/flag-icon-css/flags/hm.svg]
[www.ampleadmin.wrappixel.com/dist/css/icons/flag-icon-css/flags/hn.svg]
[www.ampleadmin.wrappixel.com/dist/css/icons/flag-icon-css/flags/hr.svg]
[www.ampleadmin.wrappixel.com/dist/css/icons/flag-icon-css/flags/ht.svg]
[www.ampleadmin.wrappixel.com/dist/css/icons/flag-icon-css/flags/hu.svg]
[www.ampleadmin.wrappixel.com/dist/css/icons/flag-icon-css/flags/id.svg]
[www.ampleadmin.wrappixel.com/dist/css/icons/flag-icon-css/flags/ie.svg]
[www.ampleadmin.wrappixel.com/dist/css/icons/flag-icon-css/flags/il.svg]
[www.ampleadmin.wrappixel.com/dist/css/icons/flag-icon-css/flags/im.svg]
[www.ampleadmin.wrappixel.com/dist/css/icons/flag-icon-css/flags/in.svg]
[www.ampleadmin.wrappixel.com/dist/css/icons/flag-icon-css/flags/io.svg]
[www.ampleadmin.wrappixel.com/dist/css/icons/flag-icon-css/flags/iq.svg]
[www.ampleadmin.wrappixel.com/dist/css/icons/flag-icon-css/flags/ir.svg]
[www.ampleadmin.wrappixel.com/dist/css/icons/flag-icon-css/flags/is.svg]
[www.ampleadmin.wrappixel.com/dist/css/icons/flag-icon-css/flags/it.svg]
[www.ampleadmin.wrappixel.com/dist/css/icons/flag-icon-css/flags/je.svg]
[www.ampleadmin.wrappixel.com/dist/css/icons/flag-icon-css/flags/jm.svg]
[www.ampleadmin.wrappixel.com/dist/css/icons/flag-icon-css/flags/jo.svg]
[www.ampleadmin.wrappixel.com/dist/css/icons/flag-icon-css/flags/jp.svg]
[www.ampleadmin.wrappixel.com/dist/css/icons/flag-icon-css/flags/ke.svg]
[www.ampleadmin.wrappixel.com/dist/css/icons/flag-icon-css/flags/kg.svg]
[www.ampleadmin.wrappixel.com/dist/css/icons/flag-icon-css/flags/kh.svg]
[www.ampleadmin.wrappixel.com/dist/css/icons/flag-icon-css/flags/ki.svg]
[www.ampleadmin.wrappixel.com/dist/css/icons/flag-icon-css/flags/km.svg]
[www.ampleadmin.wrappixel.com/dist/css/icons/flag-icon-css/flags/kn.svg]
[www.ampleadmin.wrappixel.com/dist/css/icons/flag-icon-css/flags/kp.svg]
[www.ampleadmin.wrappixel.com/dist/css/icons/flag-icon-css/flags/kr.svg]
[www.ampleadmin.wrappixel.com/dist/css/icons/flag-icon-css/flags/kw.svg]
[www.ampleadmin.wrappixel.com/dist/css/icons/flag-icon-css/flags/ky.svg]
[www.ampleadmin.wrappixel.com/dist/css/icons/flag-icon-css/flags/kz.svg]
[www.ampleadmin.wrappixel.com/dist/css/icons/flag-icon-css/flags/la.svg]
[www.ampleadmin.wrappixel.com/dist/css/icons/flag-icon-css/flags/lb.svg]
[www.ampleadmin.wrappixel.com/dist/css/icons/flag-icon-css/flags/lc.svg]
[www.ampleadmin.wrappixel.com/dist/css/icons/flag-icon-css/flags/li.svg]
[www.ampleadmin.wrappixel.com/dist/css/icons/flag-icon-css/flags/lk.svg]
[www.ampleadmin.wrappixel.com/dist/css/icons/flag-icon-css/flags/lr.svg]
[www.ampleadmin.wrappixel.com/dist/css/icons/flag-icon-css/flags/ls.svg]
[www.ampleadmin.wrappixel.com/dist/css/icons/flag-icon-css/flags/lt.svg]
[www.ampleadmin.wrappixel.com/dist/css/icons/flag-icon-css/flags/lu.svg]
[www.ampleadmin.wrappixel.com/dist/css/icons/flag-icon-css/flags/lv.svg]
[www.ampleadmin.wrappixel.com/dist/css/icons/flag-icon-css/flags/ly.svg]
[www.ampleadmin.wrappixel.com/dist/css/icons/flag-icon-css/flags/ma.svg]
[www.ampleadmin.wrappixel.com/dist/css/icons/flag-icon-css/flags/mc.svg]
[www.ampleadmin.wrappixel.com/dist/css/icons/flag-icon-css/flags/md.svg]
[www.ampleadmin.wrappixel.com/dist/css/icons/flag-icon-css/flags/me.svg]
[www.ampleadmin.wrappixel.com/dist/css/icons/flag-icon-css/flags/mf.svg]
[www.ampleadmin.wrappixel.com/dist/css/icons/flag-icon-css/flags/mg.svg]
[www.ampleadmin.wrappixel.com/dist/css/icons/flag-icon-css/flags/mh.svg]
[www.ampleadmin.wrappixel.com/dist/css/icons/flag-icon-css/flags/mk.svg]
[www.ampleadmin.wrappixel.com/dist/css/icons/flag-icon-css/flags/ml.svg]
[www.ampleadmin.wrappixel.com/dist/css/icons/flag-icon-css/flags/mm.svg]
[www.ampleadmin.wrappixel.com/dist/css/icons/flag-icon-css/flags/mn.svg]
[www.ampleadmin.wrappixel.com/dist/css/icons/flag-icon-css/flags/mo.svg]
[www.ampleadmin.wrappixel.com/dist/css/icons/flag-icon-css/flags/mp.svg]
[www.ampleadmin.wrappixel.com/dist/css/icons/flag-icon-css/flags/mq.svg]
[www.ampleadmin.wrappixel.com/dist/css/icons/flag-icon-css/flags/mr.svg]
[www.ampleadmin.wrappixel.com/dist/css/icons/flag-icon-css/flags/ms.svg]
[www.ampleadmin.wrappixel.com/dist/css/icons/flag-icon-css/flags/mt.svg]
[www.ampleadmin.wrappixel.com/dist/css/icons/flag-icon-css/flags/mu.svg]
[www.ampleadmin.wrappixel.com/dist/css/icons/flag-icon-css/flags/mv.svg]
[www.ampleadmin.wrappixel.com/dist/css/icons/flag-icon-css/flags/mw.svg]
[www.ampleadmin.wrappixel.com/dist/css/icons/flag-icon-css/flags/mx.svg]
[www.ampleadmin.wrappixel.com/dist/css/icons/flag-icon-css/flags/my.svg]
[www.ampleadmin.wrappixel.com/dist/css/icons/flag-icon-css/flags/mz.svg]
[www.ampleadmin.wrappixel.com/dist/css/icons/flag-icon-css/flags/na.svg]
[www.ampleadmin.wrappixel.com/dist/css/icons/flag-icon-css/flags/nc.svg]
[www.ampleadmin.wrappixel.com/dist/css/icons/flag-icon-css/flags/ne.svg]
[www.ampleadmin.wrappixel.com/dist/css/icons/flag-icon-css/flags/nf.svg]
[www.ampleadmin.wrappixel.com/dist/css/icons/flag-icon-css/flags/ng.svg]
[www.ampleadmin.wrappixel.com/dist/css/icons/flag-icon-css/flags/ni.svg]
[www.ampleadmin.wrappixel.com/dist/css/icons/flag-icon-css/flags/nl.svg]
[www.ampleadmin.wrappixel.com/dist/css/icons/flag-icon-css/flags/no.svg]
[www.ampleadmin.wrappixel.com/dist/css/icons/flag-icon-css/flags/np.svg]
[www.ampleadmin.wrappixel.com/dist/css/icons/flag-icon-css/flags/nr.svg]
[www.ampleadmin.wrappixel.com/dist/css/icons/flag-icon-css/flags/nu.svg]
[www.ampleadmin.wrappixel.com/dist/css/icons/flag-icon-css/flags/nz.svg]
[www.ampleadmin.wrappixel.com/dist/css/icons/flag-icon-css/flags/om.svg]
[www.ampleadmin.wrappixel.com/dist/css/icons/flag-icon-css/flags/pa.svg]
[www.ampleadmin.wrappixel.com/dist/css/icons/flag-icon-css/flags/pe.svg]
[www.ampleadmin.wrappixel.com/dist/css/icons/flag-icon-css/flags/pf.svg]
[www.ampleadmin.wrappixel.com/dist/css/icons/flag-icon-css/flags/pg.svg]
[www.ampleadmin.wrappixel.com/dist/css/icons/flag-icon-css/flags/ph.svg]
[www.ampleadmin.wrappixel.com/dist/css/icons/flag-icon-css/flags/pk.svg]
[www.ampleadmin.wrappixel.com/dist/css/icons/flag-icon-css/flags/pl.svg]
[www.ampleadmin.wrappixel.com/dist/css/icons/flag-icon-css/flags/pm.svg]
[www.ampleadmin.wrappixel.com/dist/css/icons/flag-icon-css/flags/pn.svg]
[www.ampleadmin.wrappixel.com/dist/css/icons/flag-icon-css/flags/pr.svg]
[www.ampleadmin.wrappixel.com/dist/css/icons/flag-icon-css/flags/ps.svg]
[www.ampleadmin.wrappixel.com/dist/css/icons/flag-icon-css/flags/pt.svg]
[www.ampleadmin.wrappixel.com/dist/css/icons/flag-icon-css/flags/pw.svg]
[www.ampleadmin.wrappixel.com/dist/css/icons/flag-icon-css/flags/py.svg]
[www.ampleadmin.wrappixel.com/dist/css/icons/flag-icon-css/flags/qa.svg]
[www.ampleadmin.wrappixel.com/dist/css/icons/flag-icon-css/flags/re.svg]
[www.ampleadmin.wrappixel.com/dist/css/icons/flag-icon-css/flags/ro.svg]
[www.ampleadmin.wrappixel.com/dist/css/icons/flag-icon-css/flags/ru.svg]
[www.ampleadmin.wrappixel.com/dist/css/icons/flag-icon-css/flags/rs.svg]
[www.ampleadmin.wrappixel.com/dist/css/icons/flag-icon-css/flags/rw.svg]
[www.ampleadmin.wrappixel.com/dist/css/icons/flag-icon-css/flags/sa.svg]
[www.ampleadmin.wrappixel.com/dist/css/icons/flag-icon-css/flags/sb.svg]
[www.ampleadmin.wrappixel.com/dist/css/icons/flag-icon-css/flags/sc.svg]
[www.ampleadmin.wrappixel.com/dist/css/icons/flag-icon-css/flags/sd.svg]
[www.ampleadmin.wrappixel.com/dist/css/icons/flag-icon-css/flags/se.svg]
[www.ampleadmin.wrappixel.com/dist/css/icons/flag-icon-css/flags/sg.svg]
[www.ampleadmin.wrappixel.com/dist/css/icons/flag-icon-css/flags/sh.svg]
[www.ampleadmin.wrappixel.com/dist/css/icons/flag-icon-css/flags/si.svg]
[www.ampleadmin.wrappixel.com/dist/css/icons/flag-icon-css/flags/sj.svg]
[www.ampleadmin.wrappixel.com/dist/css/icons/flag-icon-css/flags/sk.svg]
[www.ampleadmin.wrappixel.com/dist/css/icons/flag-icon-css/flags/sl.svg]
[www.ampleadmin.wrappixel.com/dist/css/icons/flag-icon-css/flags/sm.svg]
[www.ampleadmin.wrappixel.com/dist/css/icons/flag-icon-css/flags/sn.svg]
[www.ampleadmin.wrappixel.com/dist/css/icons/flag-icon-css/flags/so.svg]
[www.ampleadmin.wrappixel.com/dist/css/icons/flag-icon-css/flags/sr.svg]
[www.ampleadmin.wrappixel.com/dist/css/icons/flag-icon-css/flags/ss.svg]
[www.ampleadmin.wrappixel.com/dist/css/icons/flag-icon-css/flags/st.svg]
[www.ampleadmin.wrappixel.com/dist/css/icons/flag-icon-css/flags/sv.svg]
[www.ampleadmin.wrappixel.com/dist/css/icons/flag-icon-css/flags/sx.svg]
[www.ampleadmin.wrappixel.com/dist/css/icons/flag-icon-css/flags/sy.svg]
[www.ampleadmin.wrappixel.com/dist/css/icons/flag-icon-css/flags/sz.svg]
[www.ampleadmin.wrappixel.com/dist/css/icons/flag-icon-css/flags/tc.svg]
[www.ampleadmin.wrappixel.com/dist/css/icons/flag-icon-css/flags/td.svg]
[www.ampleadmin.wrappixel.com/dist/css/icons/flag-icon-css/flags/tf.svg]
[www.ampleadmin.wrappixel.com/dist/css/icons/flag-icon-css/flags/tg.svg]
[www.ampleadmin.wrappixel.com/dist/css/icons/flag-icon-css/flags/th.svg]
[www.ampleadmin.wrappixel.com/dist/css/icons/flag-icon-css/flags/tj.svg]
[www.ampleadmin.wrappixel.com/dist/css/icons/flag-icon-css/flags/tk.svg]
[www.ampleadmin.wrappixel.com/dist/css/icons/flag-icon-css/flags/tl.svg]
[www.ampleadmin.wrappixel.com/dist/css/icons/flag-icon-css/flags/tm.svg]
[www.ampleadmin.wrappixel.com/dist/css/icons/flag-icon-css/flags/tn.svg]
[www.ampleadmin.wrappixel.com/dist/css/icons/flag-icon-css/flags/to.svg]
[www.ampleadmin.wrappixel.com/dist/css/icons/flag-icon-css/flags/tr.svg]
[www.ampleadmin.wrappixel.com/dist/css/icons/flag-icon-css/flags/tt.svg]
[www.ampleadmin.wrappixel.com/dist/css/icons/flag-icon-css/flags/tv.svg]
[www.ampleadmin.wrappixel.com/dist/css/icons/flag-icon-css/flags/tw.svg]
[www.ampleadmin.wrappixel.com/dist/css/icons/flag-icon-css/flags/tz.svg]
[www.ampleadmin.wrappixel.com/dist/css/icons/flag-icon-css/flags/ua.svg]
[www.ampleadmin.wrappixel.com/dist/css/icons/flag-icon-css/flags/ug.svg]
[www.ampleadmin.wrappixel.com/dist/css/icons/flag-icon-css/flags/um.svg]
[www.ampleadmin.wrappixel.com/dist/css/icons/flag-icon-css/flags/us.svg]
[www.ampleadmin.wrappixel.com/dist/css/icons/flag-icon-css/flags/uy.svg]
[www.ampleadmin.wrappixel.com/dist/css/icons/flag-icon-css/flags/uz.svg]
[www.ampleadmin.wrappixel.com/dist/css/icons/flag-icon-css/flags/va.svg]
[www.ampleadmin.wrappixel.com/dist/css/icons/flag-icon-css/flags/vc.svg]
[www.ampleadmin.wrappixel.com/dist/css/icons/flag-icon-css/flags/ve.svg]
[www.ampleadmin.wrappixel.com/dist/css/icons/flag-icon-css/flags/vg.svg]
[www.ampleadmin.wrappixel.com/dist/css/icons/flag-icon-css/flags/vi.svg]
[www.ampleadmin.wrappixel.com/dist/css/icons/flag-icon-css/flags/vn.svg]
[www.ampleadmin.wrappixel.com/dist/css/icons/flag-icon-css/flags/vu.svg]
[www.ampleadmin.wrappixel.com/dist/css/icons/flag-icon-css/flags/wf.svg]
[www.ampleadmin.wrappixel.com/dist/css/icons/flag-icon-css/flags/ws.svg]
[www.ampleadmin.wrappixel.com/dist/css/icons/flag-icon-css/flags/ye.svg]
[www.ampleadmin.wrappixel.com/dist/css/icons/flag-icon-css/flags/yt.svg]
[www.ampleadmin.wrappixel.com/dist/css/icons/flag-icon-css/flags/za.svg]
[www.ampleadmin.wrappixel.com/dist/css/icons/flag-icon-css/flags/zm.svg]
[www.ampleadmin.wrappixel.com/dist/css/icons/flag-icon-css/flags/zw.svg]
[www.ampleadmin.wrappixel.com/dist/css/icons/material-design-iconic-font/fonts/materialdesignicons-webfontd41d.eot]
[www.ampleadmin.wrappixel.com/dist/css/icons/material-design-iconic-font/fonts/materialdesignicons-webfontdc99.eot]
[www.ampleadmin.wrappixel.com/dist/css/icons/material-design-iconic-font/fonts/materialdesignicons-webfontdc99.woff]
[www.ampleadmin.wrappixel.com/dist/css/icons/material-design-iconic-font/fonts/materialdesignicons-webfontdc99.ttf]
[www.ampleadmin.wrappixel.com/dist/css/icons/crypto-icons/cryptocoins.woff]
[www.ampleadmin.wrappixel.com/dist/css/icons/crypto-icons/cryptocoins.ttf]
[www.ampleadmin.wrappixel.com/assets/images/custom-select.png]
[www.ampleadmin.wrappixel.com/assets/images/background/error-bg.jpg]
[www.ampleadmin.wrappixel.com/dist/css/style.min.css]
[www.ampleadmin.wrappixel.com/assets/libs/chartist/dist/chartist.min.css]
[www.ampleadmin.wrappixel.com/assets/libs/chartist-plugin-tooltips/dist/chartist-plugin-tooltip.css]
[www.ampleadmin.wrappixel.com/assets/libs/morris.js/morris.css]
[www.ampleadmin.wrappixel.com/assets/extra-libs/c3/c3.min.css]
[www.ampleadmin.wrappixel.com/dist/css/icons/material-design-iconic-font/fonts/materialdesignicons-webfontdc99.svg]
[www.ampleadmin.wrappixel.com/assets/libs/fullcalendar/dist/fullcalendar.min.css]
[www.ampleadmin.wrappixel.com/assets/extra-libs/calendar/calendar.css]
[www.ampleadmin.wrappixel.com/assets/libs/chartist/dist/chartist.min.js]
[www.ampleadmin.wrappixel.com/dist/js/pages/chartist/chartist-plugin-tooltip.js]
[www.ampleadmin.wrappixel.com/assets/extra-libs/c3/d3.min.js]
[www.ampleadmin.wrappixel.com/assets/extra-libs/c3/c3.min.js]
[www.ampleadmin.wrappixel.com/assets/libs/raphael/raphael.min.js]
[www.ampleadmin.wrappixel.com/assets/libs/morris.js/morris.min.js]
[www.ampleadmin.wrappixel.com/dist/js/pages/dashboards/dashboard1.js]
[www.ampleadmin.wrappixel.com/assets/libs/moment/min/moment.min.js]
[www.ampleadmin.wrappixel.com/assets/libs/fullcalendar/dist/fullcalendar.min.js]
[www.ampleadmin.wrappixel.com/dist/js/pages/calendar/cal-init.js]
[www.ampleadmin.wrappixel.com/ampleadmin-html/ampleadmin-sidebar/index.html]
[www.ampleadmin.wrappixel.com/dist/js/pages/chartist/chartist-init.css]
[www.ampleadmin.wrappixel.com/assets/libs/flot/jquery.flot.js]
[www.ampleadmin.wrappixel.com/assets/libs/jquery.flot.tooltip/js/jquery.flot.tooltip.min.js]
[www.ampleadmin.wrappixel.com/assets/extra-libs/AnimatedSkillsDiagram/js/animated-bar.js]
[www.ampleadmin.wrappixel.com/assets/libs/gaugeJS/dist/gauge.min.js]
[www.ampleadmin.wrappixel.com/ampleadmin-html/ampleadmin-sidebar/index2.html]
[www.ampleadmin.wrappixel.com/assets/images/background/img4.jpg]
[www.ampleadmin.wrappixel.com/assets/images/background/img6.jpg]
[www.ampleadmin.wrappixel.com/assets/extra-libs/jvector/jquery-jvectormap-2.0.2.min.js]
[www.ampleadmin.wrappixel.com/assets/extra-libs/jvector/jquery-jvectormap-world-mill-en.js]
[www.ampleadmin.wrappixel.com/assets/extra-libs/jvector/jquery-jvectormap-in-mill.js]
[www.ampleadmin.wrappixel.com/assets/extra-libs/jvector/jquery-jvectormap-uk-mill-en.js]
[www.ampleadmin.wrappixel.com/assets/extra-libs/jvector/jquery-jvectormap-us-aea-en.js]
[www.ampleadmin.wrappixel.com/assets/extra-libs/jvector/jquery-jvectormap-au-mill.js]
[www.ampleadmin.wrappixel.com/dist/js/pages/dashboards/dashboard3.js]
[www.ampleadmin.wrappixel.com/ampleadmin-html/ampleadmin-sidebar/index3.html]
[www.ampleadmin.wrappixel.com/dist/js/pages/dashboards/dashboard4.js]
[www.ampleadmin.wrappixel.com/ampleadmin-html/ampleadmin-sidebar/index4.html]
[www.ampleadmin.wrappixel.com/dist/js/pages/dashboards/dashboard5.js]
[www.ampleadmin.wrappixel.com/ampleadmin-html/ampleadmin-sidebar/index5.html]
[www.ampleadmin.wrappixel.com/dist/js/pages/dashboards/dashboard6.js]
[www.ampleadmin.wrappixel.com/ampleadmin-html/ampleadmin-sidebar/index6.html]
[www.ampleadmin.wrappixel.com/assets/libs/magnific-popup/dist/magnific-popup.css]
[www.ampleadmin.wrappixel.com/assets/images/gallery/chair.jpg]
[www.ampleadmin.wrappixel.com/assets/images/gallery/chair2.jpg]
[www.ampleadmin.wrappixel.com/assets/images/gallery/chair3.jpg]
[www.ampleadmin.wrappixel.com/assets/images/gallery/chair4.jpg]
[www.ampleadmin.wrappixel.com/assets/libs/magnific-popup/dist/jquery.magnific-popup.min.js]
[www.ampleadmin.wrappixel.com/assets/libs/echarts/dist/echarts-en.min.js]
[www.ampleadmin.wrappixel.com/assets/libs/magnific-popup/meg.init.js]
[www.ampleadmin.wrappixel.com/ampleadmin-html/ampleadmin-sidebar/eco-products.html]
[www.ampleadmin.wrappixel.com/ampleadmin-html/ampleadmin-sidebar/eco-products-cart.html]
[www.ampleadmin.wrappixel.com/ampleadmin-html/ampleadmin-sidebar/eco-products-edit.html]
[www.ampleadmin.wrappixel.com/ampleadmin-html/ampleadmin-sidebar/eco-products-detail.html]
[www.ampleadmin.wrappixel.com/assets/extra-libs/datatables.net-bs4/css/dataTables.bootstrap4.css]
[www.ampleadmin.wrappixel.com/assets/extra-libs/datatables.net/js/jquery.dataTables.min.js]
[www.ampleadmin.wrappixel.com/dist/js/pages/datatable/datatable-basic.init.js]
[www.ampleadmin.wrappixel.com/ampleadmin-html/ampleadmin-sidebar/eco-products-orders.html]
[www.ampleadmin.wrappixel.com/ampleadmin-html/ampleadmin-sidebar/eco-products-checkout.html]
[www.ampleadmin.wrappixel.com/assets/extra-libs/prism/prism.css]
[www.ampleadmin.wrappixel.com/assets/extra-libs/prism/prism.js]
[www.ampleadmin.wrappixel.com/ampleadmin-html/ampleadmin-sidebar/ui-buttons.html]
[www.ampleadmin.wrappixel.com/assets/images/alert/model2.png]
[www.ampleadmin.wrappixel.com/assets/images/alert/model.png]
[www.ampleadmin.wrappixel.com/assets/images/alert/model3.png]
[www.ampleadmin.wrappixel.com/ampleadmin-html/ampleadmin-sidebar/ui-modals.html]
[www.ampleadmin.wrappixel.com/ampleadmin-html/ampleadmin-sidebar/ui-tab.html]
[www.ampleadmin.wrappixel.com/ampleadmin-html/ampleadmin-sidebar/ui-tooltip-popover.html]
[www.ampleadmin.wrappixel.com/ampleadmin-html/ampleadmin-sidebar/ui-notification.html]
[www.ampleadmin.wrappixel.com/ampleadmin-html/ampleadmin-sidebar/ui-progressbar.html]
[www.ampleadmin.wrappixel.com/ampleadmin-html/ampleadmin-sidebar/ui-typography.html]
[www.ampleadmin.wrappixel.com/ampleadmin-html/ampleadmin-sidebar/ui-bootstrap.html]
[www.ampleadmin.wrappixel.com/ampleadmin-html/ampleadmin-sidebar/ui-breadcrumb.html]
[www.ampleadmin.wrappixel.com/ampleadmin-html/ampleadmin-sidebar/ui-list-media.html]
[www.ampleadmin.wrappixel.com/ampleadmin-html/ampleadmin-sidebar/ui-grid.html]
[www.ampleadmin.wrappixel.com/assets/images/big/img4.jpg]
[www.ampleadmin.wrappixel.com/assets/images/big/img5.jpg]
[www.ampleadmin.wrappixel.com/assets/images/big/img6.jpg]
[www.ampleadmin.wrappixel.com/ampleadmin-html/ampleadmin-sidebar/ui-carousel.html]
[www.ampleadmin.wrappixel.com/ampleadmin-html/ampleadmin-sidebar/ui-scrollspy.html]
[www.ampleadmin.wrappixel.com/ampleadmin-html/ampleadmin-sidebar/ui-spinner.html]
[www.ampleadmin.wrappixel.com/ampleadmin-html/ampleadmin-sidebar/ui-toasts.html]
[www.ampleadmin.wrappixel.com/ampleadmin-html/ampleadmin-sidebar/starter-kit.html]
[www.ampleadmin.wrappixel.com/ampleadmin-html/ampleadmin-sidebar/email-templete-alert.html]
[www.ampleadmin.wrappixel.com/ampleadmin-html/ampleadmin-sidebar/email-templete-basic.html]
[www.ampleadmin.wrappixel.com/ampleadmin-html/ampleadmin-sidebar/email-templete-billing.html]
[www.ampleadmin.wrappixel.com/ampleadmin-html/ampleadmin-sidebar/email-templete-password-reset.html]
[www.ampleadmin.wrappixel.com/assets/images/big/auth-bg.jpg]
[www.ampleadmin.wrappixel.com/ampleadmin-html/ampleadmin-sidebar/authentication-login1.html]
[www.ampleadmin.wrappixel.com/assets/images/background/login-register.jpg]
[www.ampleadmin.wrappixel.com/ampleadmin-html/ampleadmin-sidebar/authentication-login2.html]
[www.ampleadmin.wrappixel.com/ampleadmin-html/ampleadmin-sidebar/authentication-register1.html]
[www.ampleadmin.wrappixel.com/ampleadmin-html/ampleadmin-sidebar/authentication-register2.html]
[www.ampleadmin.wrappixel.com/ampleadmin-html/ampleadmin-sidebar/authentication-lockscreen.html]
[www.ampleadmin.wrappixel.com/ampleadmin-html/ampleadmin-sidebar/authentication-recover-password.html]
[www.ampleadmin.wrappixel.com/ampleadmin-html/ampleadmin-sidebar/error-400.html]
[www.ampleadmin.wrappixel.com/ampleadmin-html/ampleadmin-sidebar/error-403.html]
[www.ampleadmin.wrappixel.com/ampleadmin-html/ampleadmin-sidebar/error-404.html]
[www.ampleadmin.wrappixel.com/ampleadmin-html/ampleadmin-sidebar/error-500.html]
[www.ampleadmin.wrappixel.com/ampleadmin-html/ampleadmin-sidebar/error-503.html]
[www.ampleadmin.wrappixel.com/ampleadmin-html/ampleadmin-sidebar/pages-treeview.html]
[www.ampleadmin.wrappixel.com/ampleadmin-html/ampleadmin-sidebar/pages-search-result.html]
[www.ampleadmin.wrappixel.com/ampleadmin-html/ampleadmin-sidebar/pages-gallery.html]
[www.ampleadmin.wrappixel.com/ampleadmin-html/ampleadmin-sidebar/pages-animation.html]
[www.ampleadmin.wrappixel.com/assets/libs/block-ui/jquery.blockUI.js]
[www.ampleadmin.wrappixel.com/assets/extra-libs/block-ui/block-ui.js]
[www.ampleadmin.wrappixel.com/ampleadmin-html/ampleadmin-sidebar/pages-block-ui.html]
[www.ampleadmin.wrappixel.com/assets/extra-libs/jquery-sessiontimeout/jquery.sessionTimeout.min.js]
[www.ampleadmin.wrappixel.com/assets/extra-libs/jquery-sessiontimeout/session-timeout-init.js]
[www.ampleadmin.wrappixel.com/ampleadmin-html/ampleadmin-sidebar/pages-session-timeout.html]
[www.ampleadmin.wrappixel.com/assets/libs/bootstrap-datepicker/dist/css/bootstrap-datepicker.min.css]
[www.ampleadmin.wrappixel.com/assets/extra-libs/jquery-sessiontimeout/idle/jquery.idletimeout.js]
[www.ampleadmin.wrappixel.com/assets/extra-libs/jquery-sessiontimeout/idle/jquery.idletimer.js]
[www.ampleadmin.wrappixel.com/assets/extra-libs/jquery-sessiontimeout/idle/session-timeout-idle-init.js]
[www.ampleadmin.wrappixel.com/ampleadmin-html/ampleadmin-sidebar/pages-session-idle-timeout.html]
[www.ampleadmin.wrappixel.com/ampleadmin-html/ampleadmin-sidebar/pages-utility-classes.html]
[www.ampleadmin.wrappixel.com/ampleadmin-html/ampleadmin-sidebar/pages-maintenance.html]
[www.ampleadmin.wrappixel.com/ampleadmin-html/ampleadmin-sidebar/app-chats.html]
[www.ampleadmin.wrappixel.com/assets/libs/summernote/dist/summernote-bs4.css]
[www.ampleadmin.wrappixel.com/assets/libs/dropzone/dist/min/dropzone.min.css]
[www.ampleadmin.wrappixel.com/dist/js/pages/email/email.js]
[www.ampleadmin.wrappixel.com/ampleadmin-html/ampleadmin-sidebar/inbox-email.html]
[www.ampleadmin.wrappixel.com/assets/libs/summernote/dist/summernote-bs4.min.js]
[www.ampleadmin.wrappixel.com/assets/libs/dropzone/dist/min/dropzone.min.js]
[www.ampleadmin.wrappixel.com/ampleadmin-html/ampleadmin-sidebar/inbox-email-detail.html]
[www.ampleadmin.wrappixel.com/ampleadmin-html/ampleadmin-sidebar/inbox-email-compose.html]
[www.ampleadmin.wrappixel.com/assets/libs/footable/css/footable.bootstrap.min.css]
[www.ampleadmin.wrappixel.com/assets/libs/moment/moment.js]
[www.ampleadmin.wrappixel.com/assets/libs/footable/js/footable.min.js]
[www.ampleadmin.wrappixel.com/dist/js/pages/tables/footable-init.js]
[www.ampleadmin.wrappixel.com/ampleadmin-html/ampleadmin-sidebar/contact-list.html]
[www.ampleadmin.wrappixel.com/ampleadmin-html/ampleadmin-sidebar/contact-grid.html]
[www.ampleadmin.wrappixel.com/ampleadmin-html/ampleadmin-sidebar/ticket-detail.html]
[www.ampleadmin.wrappixel.com/assets/extra-libs/taskboard/css/taskboard.css]
[www.ampleadmin.wrappixel.com/assets/extra-libs/taskboard/css/lobilist.css]
[www.ampleadmin.wrappixel.com/assets/extra-libs/taskboard/css/jquery-ui.min.css]
[www.ampleadmin.wrappixel.com/assets/libs/tinymce/tinymce.min.js]
[www.ampleadmin.wrappixel.com/assets/extra-libs/taskboard/js/lobilist.js]
[www.ampleadmin.wrappixel.com/assets/extra-libs/taskboard/js/lobibox.min.js]
[www.ampleadmin.wrappixel.com/assets/extra-libs/taskboard/js/task-init.js]
[www.ampleadmin.wrappixel.com/ampleadmin-html/ampleadmin-sidebar/app-taskboard.html]
[www.ampleadmin.wrappixel.com/ampleadmin-html/ampleadmin-sidebar/sidebar-type-minisidebar.html]
[www.ampleadmin.wrappixel.com/ampleadmin-html/ampleadmin-sidebar/sidebar-type-iconsidebar.html]
[www.ampleadmin.wrappixel.com/ampleadmin-html/ampleadmin-sidebar/sidebar-type-overlaysidebar.html]
[www.ampleadmin.wrappixel.com/ampleadmin-html/ampleadmin-sidebar/sidebar-type-fullsidebar.html]
[www.ampleadmin.wrappixel.com/ampleadmin-html/ampleadmin-sidebar/layout-inner-fixed-left-sidebar.html]
[www.ampleadmin.wrappixel.com/ampleadmin-html/ampleadmin-sidebar/layout-inner-fixed-right-sidebar.html]
[www.ampleadmin.wrappixel.com/ampleadmin-html/ampleadmin-sidebar/layout-inner-left-sidebar.html]
[www.ampleadmin.wrappixel.com/ampleadmin-html/ampleadmin-sidebar/layout-inner-right-sidebar.html]
[www.ampleadmin.wrappixel.com/ampleadmin-html/ampleadmin-sidebar/page-layout-fixed-header.html]
[www.ampleadmin.wrappixel.com/ampleadmin-html/ampleadmin-sidebar/page-layout-fixed-sidebar.html]
[www.ampleadmin.wrappixel.com/ampleadmin-html/ampleadmin-sidebar/page-layout-fixed-header-sidebar.html]
[www.ampleadmin.wrappixel.com/ampleadmin-html/ampleadmin-sidebar/page-layout-boxed-layout.html]
[www.ampleadmin.wrappixel.com/ampleadmin-html/ampleadmin-sidebar/form-inputs.html]
[www.ampleadmin.wrappixel.com/ampleadmin-html/ampleadmin-sidebar/form-input-groups.html]
[www.ampleadmin.wrappixel.com/ampleadmin-html/ampleadmin-sidebar/form-input-grid.html]
[www.ampleadmin.wrappixel.com/ampleadmin-html/ampleadmin-sidebar/form-checkbox-radio.html]
[www.ampleadmin.wrappixel.com/assets/libs/bootstrap-touchspin/dist/jquery.bootstrap-touchspin.min.css]
[www.ampleadmin.wrappixel.com/assets/libs/bootstrap-touchspin/dist/jquery.bootstrap-touchspin.min.js]
[www.ampleadmin.wrappixel.com/ampleadmin-html/ampleadmin-sidebar/form-bootstrap-touchspin.html]
[www.ampleadmin.wrappixel.com/assets/libs/bootstrap-switch/dist/css/bootstrap3/bootstrap-switch.min.css]
[www.ampleadmin.wrappixel.com/assets/libs/bootstrap-switch/dist/js/bootstrap-switch.min.js]
[www.ampleadmin.wrappixel.com/ampleadmin-html/ampleadmin-sidebar/form-bootstrap-switch.html]
[www.ampleadmin.wrappixel.com/assets/libs/select2/dist/css/select2.min.css]
[www.ampleadmin.wrappixel.com/assets/libs/select2/dist/js/select2.full.min.js]
[www.ampleadmin.wrappixel.com/assets/libs/select2/dist/js/select2.min.js]
[www.ampleadmin.wrappixel.com/dist/js/pages/forms/select2/select2.init.js]
[www.ampleadmin.wrappixel.com/ampleadmin-html/ampleadmin-sidebar/form-select2.html]
[www.ampleadmin.wrappixel.com/assets/libs/bootstrap-duallistbox/dist/bootstrap-duallistbox.min.css]
[www.ampleadmin.wrappixel.com/assets/libs/bootstrap-duallistbox/dist/jquery.bootstrap-duallistbox.min.js]
[www.ampleadmin.wrappixel.com/dist/js/pages/forms/dual-listbox/dual-listbox.js]
[www.ampleadmin.wrappixel.com/ampleadmin-html/ampleadmin-sidebar/form-dual-listbox.html]
[www.ampleadmin.wrappixel.com/assets/libs/x-editable/dist/bootstrap3-editable/css/bootstrap-editable.css]
[www.ampleadmin.wrappixel.com/assets/libs/x-editable/dist/bootstrap3-editable/js/bootstrap-editable.min.js]
[www.ampleadmin.wrappixel.com/dist/js/pages/forms/x-editable/x-editable.init.js]
[www.ampleadmin.wrappixel.com/ampleadmin-html/ampleadmin-sidebar/form-xditable.html]
[www.ampleadmin.wrappixel.com/ampleadmin-html/ampleadmin-sidebar/form-basic.html]
[www.ampleadmin.wrappixel.com/ampleadmin-html/ampleadmin-sidebar/form-horizontal.html]
[www.ampleadmin.wrappixel.com/ampleadmin-html/ampleadmin-sidebar/form-actions.html]
[www.ampleadmin.wrappixel.com/ampleadmin-html/ampleadmin-sidebar/form-row-separator.html]
[www.ampleadmin.wrappixel.com/ampleadmin-html/ampleadmin-sidebar/form-bordered.html]
[www.ampleadmin.wrappixel.com/ampleadmin-html/ampleadmin-sidebar/form-striped-row.html]
[www.ampleadmin.wrappixel.com/ampleadmin-html/ampleadmin-sidebar/form-detail.html]
[www.ampleadmin.wrappixel.com/ampleadmin-html/ampleadmin-sidebar/form-material.html]
[www.ampleadmin.wrappixel.com/ampleadmin-html/ampleadmin-sidebar/form-float-input.html]
[www.ampleadmin.wrappixel.com/assets/extra-libs/date-paginator/date-paginator-custom.css]
[www.ampleadmin.wrappixel.com/assets/libs/bootstrap-datepicker/dist/js/bootstrap-datepicker.min.js]
[www.ampleadmin.wrappixel.com/assets/extra-libs/date-paginator/bootstrap-datepaginator.min.js]
[www.ampleadmin.wrappixel.com/ampleadmin-html/ampleadmin-sidebar/form-paginator.html]
[www.ampleadmin.wrappixel.com/assets/libs/cropper/dist/cropper.min.css]
[www.ampleadmin.wrappixel.com/assets/images/background/img5.jpg]
[www.ampleadmin.wrappixel.com/assets/libs/cropper/dist/cropper.min.js]
[www.ampleadmin.wrappixel.com/dist/js/pages/forms/img-cropper/cropper.init.js]
[www.ampleadmin.wrappixel.com/ampleadmin-html/ampleadmin-sidebar/form-img-cropper.html]
[www.ampleadmin.wrappixel.com/ampleadmin-html/ampleadmin-sidebar/form-dropzone.html]
[www.ampleadmin.wrappixel.com/assets/libs/inputmask/dist/min/jquery.inputmask.bundle.min.js]
[www.ampleadmin.wrappixel.com/dist/js/pages/forms/mask/mask.init.js]
[www.ampleadmin.wrappixel.com/ampleadmin-html/ampleadmin-sidebar/form-mask.html]
[www.ampleadmin.wrappixel.com/assets/libs/typeahead.js/dist/typeahead.jquery.min.js]
[www.ampleadmin.wrappixel.com/assets/libs/typeahead.js/dist/bloodhound.min.js]
[www.ampleadmin.wrappixel.com/dist/js/pages/forms/typeahead/typeahead.init.js]
[www.ampleadmin.wrappixel.com/ampleadmin-html/ampleadmin-sidebar/form-typeahead.html]
[www.ampleadmin.wrappixel.com/ampleadmin-html/ampleadmin-sidebar/form-bootstrap-validation.html]
[www.ampleadmin.wrappixel.com/assets/extra-libs/jqbootstrapvalidation/validation.js]
[www.ampleadmin.wrappixel.com/ampleadmin-html/ampleadmin-sidebar/form-custom-validation.html]
[www.ampleadmin.wrappixel.com/assets/libs/@claviska/jquery-minicolors/jquery.minicolors.css]
[www.ampleadmin.wrappixel.com/assets/libs/jquery-asColor/dist/jquery-asColor.min.js]
[www.ampleadmin.wrappixel.com/assets/libs/jquery-asGradient/dist/jquery-asGradient.js]
[www.ampleadmin.wrappixel.com/assets/libs/jquery-asColorPicker/dist/jquery-asColorPicker.min.js]
[www.ampleadmin.wrappixel.com/assets/libs/@claviska/jquery-minicolors/jquery.minicolors.min.js]
[www.ampleadmin.wrappixel.com/ampleadmin-html/ampleadmin-sidebar/form-picker-colorpicker.html]
[www.ampleadmin.wrappixel.com/assets/libs/pickadate/lib/themes/default.css]
[www.ampleadmin.wrappixel.com/assets/libs/pickadate/lib/themes/default.date.css]
[www.ampleadmin.wrappixel.com/assets/libs/pickadate/lib/themes/default.time.css]
[www.ampleadmin.wrappixel.com/assets/libs/pickadate/lib/compressed/picker.js]
[www.ampleadmin.wrappixel.com/assets/libs/pickadate/lib/compressed/picker.date.js]
[www.ampleadmin.wrappixel.com/assets/libs/pickadate/lib/compressed/picker.time.js]
[www.ampleadmin.wrappixel.com/assets/libs/pickadate/lib/compressed/legacy.js]
[www.ampleadmin.wrappixel.com/assets/libs/daterangepicker/daterangepicker.js]
[www.ampleadmin.wrappixel.com/dist/js/pages/forms/datetimepicker/datetimepicker.init.js]
[www.ampleadmin.wrappixel.com/ampleadmin-html/ampleadmin-sidebar/form-picker-datetimepicker.html]
[www.ampleadmin.wrappixel.com/assets/libs/daterangepicker/daterangepicker.css]
[www.ampleadmin.wrappixel.com/ampleadmin-html/ampleadmin-sidebar/form-picker-bootstrap-rangepicker.html]
[www.ampleadmin.wrappixel.com/ampleadmin-html/ampleadmin-sidebar/form-picker-bootstrap-datepicker.html]
[www.ampleadmin.wrappixel.com/assets/libs/bootstrap-material-datetimepicker/css/bootstrap-material-datetimepicker.css]
[www.ampleadmin.wrappixel.com/assets/libs/bootstrap-material-datetimepicker/js/bootstrap-material-datetimepicker-custom.js]
[www.ampleadmin.wrappixel.com/ampleadmin-html/ampleadmin-sidebar/form-picker-material-datepicker.html]
[www.ampleadmin.wrappixel.com/assets/libs/ckeditor/samples/toolbarconfigurator/lib/codemirror/neo.css]
[www.ampleadmin.wrappixel.com/assets/libs/ckeditor/samples/css/samples.css]
[www.ampleadmin.wrappixel.com/assets/images/img2.jpg]
[www.ampleadmin.wrappixel.com/ampleadmin-html/ampleadmin-sidebar/form-editor-ckeditor.html]
[www.ampleadmin.wrappixel.com/assets/libs/quill/dist/quill.snow.css]
[www.ampleadmin.wrappixel.com/assets/libs/ckeditor/ckeditor.js]
[www.ampleadmin.wrappixel.com/ampleadmin-html/ampleadmin-sidebar/form-editor-quill.html]
[www.ampleadmin.wrappixel.com/ampleadmin-html/ampleadmin-sidebar/form-editor-summernote.html]
[www.ampleadmin.wrappixel.com/assets/libs/quill/dist/quill.min.js]
[www.ampleadmin.wrappixel.com/ampleadmin-html/ampleadmin-sidebar/form-editor-tinymce.html]
[www.ampleadmin.wrappixel.com/assets/libs/jquery-steps/steps.css]
[www.ampleadmin.wrappixel.com/dist/js/custom.js]
[www.ampleadmin.wrappixel.com/assets/libs/jquery-steps/build/jquery.steps.min.js]
[www.ampleadmin.wrappixel.com/assets/libs/jquery-validation/dist/jquery.validate.min.js]
[www.ampleadmin.wrappixel.com/ampleadmin-html/ampleadmin-sidebar/form-wizard.html]
[www.ampleadmin.wrappixel.com/assets/libs/jquery.repeater/jquery.repeater.min.js]
[www.ampleadmin.wrappixel.com/assets/extra-libs/jquery.repeater/repeater-init.js]
[www.ampleadmin.wrappixel.com/assets/extra-libs/jquery.repeater/dff.js]
[www.ampleadmin.wrappixel.com/ampleadmin-html/ampleadmin-sidebar/form-repeater.html]
[www.ampleadmin.wrappixel.com/ampleadmin-html/ampleadmin-sidebar/table-basic.html]
[www.ampleadmin.wrappixel.com/ampleadmin-html/ampleadmin-sidebar/table-dark-basic.html]
[www.ampleadmin.wrappixel.com/ampleadmin-html/ampleadmin-sidebar/table-sizing.html]
[www.ampleadmin.wrappixel.com/ampleadmin-html/ampleadmin-sidebar/table-layout-coloured.html]
[www.ampleadmin.wrappixel.com/ampleadmin-html/ampleadmin-sidebar/table-datatable-basic.html]
[www.ampleadmin.wrappixel.com/dist/js/pages/datatable/datatable-api.init.js]
[www.ampleadmin.wrappixel.com/ampleadmin-html/ampleadmin-sidebar/table-datatable-api.html]
[cdn.datatables.net/buttons/1.5.1/js/dataTables.buttons.min.js]
[cdn.datatables.net/buttons/1.5.1/js/buttons.flash.min.js]
[cdnjs.cloudflare.com/ajax/libs/jszip/3.1.3/jszip.min.js]
[cdnjs.cloudflare.com/ajax/libs/pdfmake/0.1.32/pdfmake.min.js]
[cdn.datatables.net/buttons/1.5.1/js/buttons.html5.min.js]
[cdnjs.cloudflare.com/ajax/libs/pdfmake/0.1.32/vfs_fonts.js]
[cdn.datatables.net/buttons/1.5.1/js/buttons.print.min.js]
[www.ampleadmin.wrappixel.com/dist/js/pages/datatable/datatable-advanced.init.js]
[www.ampleadmin.wrappixel.com/ampleadmin-html/ampleadmin-sidebar/table-datatable-advanced.html]
[www.ampleadmin.wrappixel.com/assets/libs/bootstrap-table/dist/bootstrap-table.min.css]
[www.ampleadmin.wrappixel.com/assets/libs/bootstrap-table/dist/bootstrap-table.min.js]
[www.ampleadmin.wrappixel.com/dist/js/pages/tables/bootstrap-table.init.js]
[www.ampleadmin.wrappixel.com/ampleadmin-html/ampleadmin-sidebar/table-bootstrap.html]
[www.ampleadmin.wrappixel.com/assets/libs/jsgrid/dist/jsgrid-theme.min.css]
[www.ampleadmin.wrappixel.com/assets/libs/jsgrid/dist/jsgrid.min.css]
[www.ampleadmin.wrappixel.com/dist/js/pages/tables/js-grid-db.js]
[www.ampleadmin.wrappixel.com/assets/libs/jsgrid/dist/jsgrid.min.js]
[www.ampleadmin.wrappixel.com/dist/js/pages/tables/js-grid-init.js]
[www.ampleadmin.wrappixel.com/ampleadmin-html/ampleadmin-sidebar/table-jsgrid.html]
[www.ampleadmin.wrappixel.com/assets/libs/tablesaw/dist/tablesaw.css]
[www.ampleadmin.wrappixel.com/assets/libs/tablesaw/dist/tablesaw.jquery.js]
[www.ampleadmin.wrappixel.com/assets/libs/tablesaw/dist/tablesaw-init.js]
[www.ampleadmin.wrappixel.com/ampleadmin-html/ampleadmin-sidebar/table-responsive.html]
[www.ampleadmin.wrappixel.com/ampleadmin-html/ampleadmin-sidebar/table-footable.html]
[www.ampleadmin.wrappixel.com/dist/js/pages/morris/morris-data.js]
[www.ampleadmin.wrappixel.com/ampleadmin-html/ampleadmin-sidebar/chart-morris.html]
[www.ampleadmin.wrappixel.com/dist/js/pages/chartjs/chartjs.init.js]
[www.ampleadmin.wrappixel.com/ampleadmin-html/ampleadmin-sidebar/chart-chart-js.html]
[www.ampleadmin.wrappixel.com/dist/js/pages/sparkline/jquery.charts-sparkline.js]
[www.ampleadmin.wrappixel.com/ampleadmin-html/ampleadmin-sidebar/chart-sparkline.html]
[www.ampleadmin.wrappixel.com/dist/js/pages/chartist/chartist-init.js]
[www.ampleadmin.wrappixel.com/ampleadmin-html/ampleadmin-sidebar/chart-chartist.html]
[www.ampleadmin.wrappixel.com/dist/js/pages/c3-chart/axis/c3-rotated-axis.js]
[www.ampleadmin.wrappixel.com/dist/js/pages/c3-chart/axis/c3-category-axis.js]
[www.ampleadmin.wrappixel.com/dist/js/pages/c3-chart/axis/c3-tick-culling.js]
[www.ampleadmin.wrappixel.com/dist/js/pages/c3-chart/axis/c3-tick-fitting.js]
[www.ampleadmin.wrappixel.com/dist/js/pages/c3-chart/axis/c3-timezone.js]
[www.ampleadmin.wrappixel.com/dist/js/pages/c3-chart/axis/c3-y-axis.js]
[www.ampleadmin.wrappixel.com/dist/js/pages/c3-chart/axis/c3-y-axis-range.js]
[www.ampleadmin.wrappixel.com/ampleadmin-html/ampleadmin-sidebar/chart-c3-axis.html]
[www.ampleadmin.wrappixel.com/dist/js/pages/c3-chart/bar-pie/c3-bar.js]
[www.ampleadmin.wrappixel.com/dist/js/pages/c3-chart/bar-pie/c3-column.js]
[www.ampleadmin.wrappixel.com/dist/js/pages/c3-chart/bar-pie/c3-donut.js]
[www.ampleadmin.wrappixel.com/dist/js/pages/c3-chart/bar-pie/c3-pie.js]
[www.ampleadmin.wrappixel.com/dist/js/pages/c3-chart/bar-pie/c3-stacked-bar.js]
[www.ampleadmin.wrappixel.com/dist/js/pages/c3-chart/bar-pie/c3-stacked-column.js]
[www.ampleadmin.wrappixel.com/ampleadmin-html/ampleadmin-sidebar/chart-c3-bar.html]
[www.ampleadmin.wrappixel.com/dist/js/pages/c3-chart/data/c3-category-data.js]
[www.ampleadmin.wrappixel.com/dist/js/pages/c3-chart/data/c3-column-oriented.js]
[www.ampleadmin.wrappixel.com/dist/js/pages/c3-chart/data/c3-data-color.js]
[www.ampleadmin.wrappixel.com/dist/js/pages/c3-chart/data/c3-data-from-url.js]
[www.ampleadmin.wrappixel.com/dist/js/pages/c3-chart/data/c3-data-order.js]
[www.ampleadmin.wrappixel.com/dist/js/pages/c3-chart/data/c3-row-oriented.js]
[www.ampleadmin.wrappixel.com/ampleadmin-html/ampleadmin-sidebar/chart-c3-data.html]
[www.ampleadmin.wrappixel.com/dist/js/pages/c3-chart/line/c3-line.js]
[www.ampleadmin.wrappixel.com/dist/js/pages/c3-chart/line/c3-spline.js]
[www.ampleadmin.wrappixel.com/dist/js/pages/c3-chart/line/c3-area.js]
[www.ampleadmin.wrappixel.com/dist/js/pages/c3-chart/line/c3-step.js]
[www.ampleadmin.wrappixel.com/dist/js/pages/c3-chart/line/c3-line-region.js]
[www.ampleadmin.wrappixel.com/dist/js/pages/c3-chart/line/c3-simple-xy.js]
[www.ampleadmin.wrappixel.com/dist/js/pages/c3-chart/line/c3-multiple-xy.js]
[www.ampleadmin.wrappixel.com/ampleadmin-html/ampleadmin-sidebar/chart-c3-line.html]
[www.ampleadmin.wrappixel.com/dist/js/pages/echarts/line/line-charts.js]
[www.ampleadmin.wrappixel.com/ampleadmin-html/ampleadmin-sidebar/chart-echart-basic.html]
[www.ampleadmin.wrappixel.com/dist/js/pages/echarts/bar/bar.js]
[www.ampleadmin.wrappixel.com/ampleadmin-html/ampleadmin-sidebar/chart-echart-bar.html]
[www.ampleadmin.wrappixel.com/dist/js/pages/echarts/pie-doughnut/pie-doghnut.js]
[www.ampleadmin.wrappixel.com/ampleadmin-html/ampleadmin-sidebar/chart-echart-pie-doughnut.html]
[www.ampleadmin.wrappixel.com/ampleadmin-html/ampleadmin-sidebar/ui-cards.html]
[www.ampleadmin.wrappixel.com/ampleadmin-html/ampleadmin-sidebar/ui-card-customs.html]
[www.ampleadmin.wrappixel.com/assets/extra-libs/css-chart/css-chart.css]
[www.ampleadmin.wrappixel.com/assets/images/img3.jpg]
[www.ampleadmin.wrappixel.com/assets/images/background/weatherbg.jpg]
[www.ampleadmin.wrappixel.com/ampleadmin-html/ampleadmin-sidebar/ui-card-weather.html]
[www.ampleadmin.wrappixel.com/assets/libs/dragula/dist/dragula.min.css]
[www.ampleadmin.wrappixel.com/assets/libs/dragula/dist/dragula.min.js]
[www.ampleadmin.wrappixel.com/ampleadmin-html/ampleadmin-sidebar/ui-card-draggable.html]
[www.ampleadmin.wrappixel.com/assets/libs/sweetalert2/dist/sweetalert2.min.css]
[www.ampleadmin.wrappixel.com/assets/images/alert/alert.png]
[www.ampleadmin.wrappixel.com/assets/images/alert/alert2.png]
[www.ampleadmin.wrappixel.com/assets/images/alert/alert3.png]
[www.ampleadmin.wrappixel.com/assets/images/alert/alert4.png]
[www.ampleadmin.wrappixel.com/assets/images/alert/alert5.png]
[www.ampleadmin.wrappixel.com/assets/images/alert/alert7.png]
[www.ampleadmin.wrappixel.com/assets/images/alert/alert6.png]
[www.ampleadmin.wrappixel.com/assets/libs/sweetalert2/dist/sweetalert2.all.min.js]
[www.ampleadmin.wrappixel.com/assets/libs/sweetalert2/sweet-alert.init.js]
[www.ampleadmin.wrappixel.com/ampleadmin-html/ampleadmin-sidebar/component-sweetalert.html]
[www.ampleadmin.wrappixel.com/assets/libs/nestable/nestable.css]
[www.ampleadmin.wrappixel.com/assets/libs/nestable/jquery.nestable.js]
[www.ampleadmin.wrappixel.com/ampleadmin-html/ampleadmin-sidebar/component-nestable.html]
[www.ampleadmin.wrappixel.com/assets/libs/nouislider/distribute/nouislider.min.css]
[www.ampleadmin.wrappixel.com/assets/extra-libs/nouislider/palette-noui.css]
[www.ampleadmin.wrappixel.com/assets/extra-libs/nouislider/noui-slider.min.css]
[www.ampleadmin.wrappixel.com/assets/libs/wnumb/wNumb.js]
[www.ampleadmin.wrappixel.com/assets/libs/nouislider/distribute/nouislider.min.js]
[www.ampleadmin.wrappixel.com/assets/extra-libs/nouislider/nouislider-init.js]
[www.ampleadmin.wrappixel.com/ampleadmin-html/ampleadmin-sidebar/component-noui-slider.html]
[www.ampleadmin.wrappixel.com/assets/libs/raty-js/lib/jquery.raty.css]
[www.ampleadmin.wrappixel.com/assets/libs/raty-js/lib/jquery.raty.js]
[www.ampleadmin.wrappixel.com/assets/extra-libs/raty/rating-init.js]
[www.ampleadmin.wrappixel.com/ampleadmin-html/ampleadmin-sidebar/component-rating.html]
[www.ampleadmin.wrappixel.com/assets/libs/toastr/build/toastr.min.css]
[www.ampleadmin.wrappixel.com/assets/libs/toastr/build/toastr.min.js]
[www.ampleadmin.wrappixel.com/assets/extra-libs/toastr/toastr-init.js]
[www.ampleadmin.wrappixel.com/ampleadmin-html/ampleadmin-sidebar/component-toastr.html]
[www.ampleadmin.wrappixel.com/assets/images/browser/chrome-logo.png]
[www.ampleadmin.wrappixel.com/assets/images/browser/firefox-logo.png]
[www.ampleadmin.wrappixel.com/assets/images/browser/safari-logo.png]
[www.ampleadmin.wrappixel.com/assets/images/browser/internet-logo.png]
[www.ampleadmin.wrappixel.com/assets/images/browser/opera-logo.png]
[www.ampleadmin.wrappixel.com/ampleadmin-html/ampleadmin-sidebar/widgets-apps.html]
[www.ampleadmin.wrappixel.com/ampleadmin-html/ampleadmin-sidebar/widgets-data.html]
[www.ampleadmin.wrappixel.com/assets/images/background/socialbg.jpg]
[www.ampleadmin.wrappixel.com/assets/libs/chartist-plugin-tooltips/dist/chartist-plugin-tooltip.min.js]
[www.ampleadmin.wrappixel.com/assets/libs/flot/excanvas.min.js]
[www.ampleadmin.wrappixel.com/dist/js/pages/widget/widget-charts.js]
[www.ampleadmin.wrappixel.com/ampleadmin-html/ampleadmin-sidebar/widgets-charts.html]
[www.ampleadmin.wrappixel.com/ampleadmin-html/ampleadmin-sidebar/icon-material.html]
[www.ampleadmin.wrappixel.com/ampleadmin-html/ampleadmin-sidebar/icon-fontawesome.html]
[www.ampleadmin.wrappixel.com/ampleadmin-html/ampleadmin-sidebar/icon-themify.html]
[www.ampleadmin.wrappixel.com/ampleadmin-html/ampleadmin-sidebar/icon-weather.html]
[www.ampleadmin.wrappixel.com/ampleadmin-html/ampleadmin-sidebar/icon-simple-lineicon.html]
[www.ampleadmin.wrappixel.com/ampleadmin-html/ampleadmin-sidebar/icon-flag.html]
[www.ampleadmin.wrappixel.com/assets/libs/gmaps/map.css]
[www.ampleadmin.wrappixel.com/assets/libs/gmaps/gmaps.min.js]
[www.ampleadmin.wrappixel.com/dist/js/pages/maps/map-google.init.js]
[www.ampleadmin.wrappixel.com/ampleadmin-html/ampleadmin-sidebar/map-google.html]
[www.ampleadmin.wrappixel.com/assets/extra-libs/jvector/jvectormap.custom.js]
[www.ampleadmin.wrappixel.com/ampleadmin-html/ampleadmin-sidebar/map-vector.html]
[www.ampleadmin.wrappixel.com/ampleadmin-html/ampleadmin-sidebar/ui-user-card.html]
[www.ampleadmin.wrappixel.com/ampleadmin-html/ampleadmin-sidebar/pages-profile.html]
[www.ampleadmin.wrappixel.com/ampleadmin-html/ampleadmin-sidebar/ui-user-contacts.html]
[www.ampleadmin.wrappixel.com/dist/js/pages/samplepages/jquery.PrintArea.js]
[www.ampleadmin.wrappixel.com/ampleadmin-html/ampleadmin-sidebar/pages-invoice.html]
[www.ampleadmin.wrappixel.com/ampleadmin-html/ampleadmin-sidebar/pages-invoice-list.html]
[www.ampleadmin.wrappixel.com/ampleadmin-html/ampleadmin-sidebar/timeline-center.html]
[www.ampleadmin.wrappixel.com/assets/extra-libs/horizontal-timeline/horizontal-timeline.css]
[www.ampleadmin.wrappixel.com/assets/extra-libs/horizontal-timeline/horizontal-timeline.js]
[www.ampleadmin.wrappixel.com/ampleadmin-html/ampleadmin-sidebar/timeline-horizontal.html]
[www.ampleadmin.wrappixel.com/ampleadmin-html/ampleadmin-sidebar/timeline-left.html]
[www.ampleadmin.wrappixel.com/ampleadmin-html/ampleadmin-sidebar/timeline-right.html]
[www.ampleadmin.wrappixel.com/ampleadmin-html/ampleadmin-sidebar/app-calendar.html]
[www.ampleadmin.wrappixel.com/ampleadmin-html/ampleadmin-sidebar/pages-faq.html]
[www.ampleadmin.wrappixel.com/dist/css/icons/font-awesome/webfonts/fa-brands-400.html]
[www.ampleadmin.wrappixel.com/dist/css/icons/font-awesome/webfonts/fa-brands-400.svg]
[www.ampleadmin.wrappixel.com/dist/css/icons/font-awesome/webfonts/fa-regular-400.html]
[www.ampleadmin.wrappixel.com/dist/css/icons/font-awesome/webfonts/fa-regular-400.svg]
[www.ampleadmin.wrappixel.com/dist/css/icons/font-awesome/webfonts/fa-solid-900.html]
[www.ampleadmin.wrappixel.com/dist/css/icons/font-awesome/webfonts/fa-solid-900.svg]
[www.ampleadmin.wrappixel.com/dist/css/icons/simple-line-icons/fonts/Simple-Line-Icons4c82.html]
[www.ampleadmin.wrappixel.com/dist/css/icons/simple-line-icons/fonts/Simple-Line-Icons4c82.svg]
[www.ampleadmin.wrappixel.com/dist/css/icons/weather-icons/fonts/weathericons-regular-webfont.html]
[www.ampleadmin.wrappixel.com/dist/css/icons/weather-icons/fonts/weathericons-regular-webfont.svg]
[www.ampleadmin.wrappixel.com/dist/css/icons/themify-icons/fonts/themify9f24.svg]
[www.ampleadmin.wrappixel.com/dist/css/icons/flag-icon-css/flags/ad.svg]
[www.ampleadmin.wrappixel.com/dist/css/icons/flag-icon-css/flags/ae.svg]
[www.ampleadmin.wrappixel.com/dist/css/icons/flag-icon-css/flags/af.svg]
[www.ampleadmin.wrappixel.com/dist/css/icons/flag-icon-css/flags/ag.svg]
[www.ampleadmin.wrappixel.com/dist/css/icons/flag-icon-css/flags/ai.svg]
[www.ampleadmin.wrappixel.com/dist/css/icons/flag-icon-css/flags/al.svg]
[www.ampleadmin.wrappixel.com/dist/css/icons/flag-icon-css/flags/am.svg]
[www.ampleadmin.wrappixel.com/dist/css/icons/flag-icon-css/flags/ao.svg]
[www.ampleadmin.wrappixel.com/dist/css/icons/flag-icon-css/flags/aq.svg]
[www.ampleadmin.wrappixel.com/dist/css/icons/flag-icon-css/flags/ar.svg]
[www.ampleadmin.wrappixel.com/dist/css/icons/flag-icon-css/flags/as.svg]
[www.ampleadmin.wrappixel.com/dist/css/icons/flag-icon-css/flags/at.svg]
[www.ampleadmin.wrappixel.com/dist/css/icons/flag-icon-css/flags/au.svg]
[www.ampleadmin.wrappixel.com/dist/css/icons/flag-icon-css/flags/aw.svg]
[www.ampleadmin.wrappixel.com/dist/css/icons/flag-icon-css/flags/ax.svg]
[www.ampleadmin.wrappixel.com/dist/css/icons/flag-icon-css/flags/az.svg]
[www.ampleadmin.wrappixel.com/dist/css/icons/flag-icon-css/flags/ba.svg]
[www.ampleadmin.wrappixel.com/dist/css/icons/flag-icon-css/flags/bb.svg]
[www.ampleadmin.wrappixel.com/dist/css/icons/flag-icon-css/flags/bd.svg]
[www.ampleadmin.wrappixel.com/dist/css/icons/flag-icon-css/flags/be.svg]
[www.ampleadmin.wrappixel.com/dist/css/icons/flag-icon-css/flags/bf.svg]
[www.ampleadmin.wrappixel.com/dist/css/icons/flag-icon-css/flags/bg.svg]
[www.ampleadmin.wrappixel.com/dist/css/icons/flag-icon-css/flags/bh.svg]
[www.ampleadmin.wrappixel.com/dist/css/icons/flag-icon-css/flags/bi.svg]
[www.ampleadmin.wrappixel.com/dist/css/icons/flag-icon-css/flags/bj.svg]
[www.ampleadmin.wrappixel.com/dist/css/icons/flag-icon-css/flags/bl.svg]
[www.ampleadmin.wrappixel.com/dist/css/icons/flag-icon-css/flags/bm.svg]
[www.ampleadmin.wrappixel.com/dist/css/icons/flag-icon-css/flags/bn.svg]
[www.ampleadmin.wrappixel.com/dist/css/icons/flag-icon-css/flags/bo.svg]
[www.ampleadmin.wrappixel.com/dist/css/icons/flag-icon-css/flags/bq.svg]
[www.ampleadmin.wrappixel.com/dist/css/icons/flag-icon-css/flags/br.svg]
[www.ampleadmin.wrappixel.com/dist/css/icons/flag-icon-css/flags/bs.svg]
[www.ampleadmin.wrappixel.com/dist/css/icons/flag-icon-css/flags/bt.svg]
[www.ampleadmin.wrappixel.com/dist/css/icons/flag-icon-css/flags/bv.svg]
[www.ampleadmin.wrappixel.com/dist/css/icons/flag-icon-css/flags/bw.svg]
[www.ampleadmin.wrappixel.com/dist/css/icons/flag-icon-css/flags/by.svg]
[www.ampleadmin.wrappixel.com/dist/css/icons/flag-icon-css/flags/bz.svg]
[www.ampleadmin.wrappixel.com/dist/css/icons/flag-icon-css/flags/ca.svg]
[www.ampleadmin.wrappixel.com/dist/css/icons/flag-icon-css/flags/cc.svg]
[www.ampleadmin.wrappixel.com/dist/css/icons/flag-icon-css/flags/cd.svg]
[www.ampleadmin.wrappixel.com/dist/css/icons/flag-icon-css/flags/cf.svg]
[www.ampleadmin.wrappixel.com/dist/css/icons/flag-icon-css/flags/cg.svg]
[www.ampleadmin.wrappixel.com/dist/css/icons/flag-icon-css/flags/ch.svg]
[www.ampleadmin.wrappixel.com/dist/css/icons/flag-icon-css/flags/ci.svg]
[www.ampleadmin.wrappixel.com/dist/css/icons/flag-icon-css/flags/ck.svg]
[www.ampleadmin.wrappixel.com/dist/css/icons/flag-icon-css/flags/cl.svg]
[www.ampleadmin.wrappixel.com/dist/css/icons/flag-icon-css/flags/cm.svg]
[www.ampleadmin.wrappixel.com/dist/css/icons/flag-icon-css/flags/cn.svg]
[www.ampleadmin.wrappixel.com/dist/css/icons/flag-icon-css/flags/co.svg]
[www.ampleadmin.wrappixel.com/dist/css/icons/flag-icon-css/flags/cr.svg]
[www.ampleadmin.wrappixel.com/dist/css/icons/flag-icon-css/flags/cu.svg]
[www.ampleadmin.wrappixel.com/dist/css/icons/flag-icon-css/flags/cv.svg]
[www.ampleadmin.wrappixel.com/dist/css/icons/flag-icon-css/flags/cw.svg]
[www.ampleadmin.wrappixel.com/dist/css/icons/flag-icon-css/flags/cx.svg]
[www.ampleadmin.wrappixel.com/dist/css/icons/flag-icon-css/flags/cy.svg]
[www.ampleadmin.wrappixel.com/dist/css/icons/flag-icon-css/flags/cz.svg]
[www.ampleadmin.wrappixel.com/dist/css/icons/flag-icon-css/flags/de.svg]
[www.ampleadmin.wrappixel.com/dist/css/icons/flag-icon-css/flags/dj.svg]
[www.ampleadmin.wrappixel.com/dist/css/icons/flag-icon-css/flags/dk.svg]
[www.ampleadmin.wrappixel.com/dist/css/icons/flag-icon-css/flags/dm.svg]
[www.ampleadmin.wrappixel.com/dist/css/icons/font-awesome/webfonts/fa-solid-900.eot]
[www.ampleadmin.wrappixel.com/dist/css/icons/font-awesome/webfonts/fa-solid-900d41d.eot]
[www.ampleadmin.wrappixel.com/dist/css/icons/flag-icon-css/flags/do.svg]
[www.ampleadmin.wrappixel.com/dist/css/icons/flag-icon-css/flags/dz.svg]
[www.ampleadmin.wrappixel.com/dist/css/icons/flag-icon-css/flags/ec.svg]
[www.ampleadmin.wrappixel.com/dist/css/icons/flag-icon-css/flags/ee.svg]
[www.ampleadmin.wrappixel.com/dist/css/icons/flag-icon-css/flags/eg.svg]
[www.ampleadmin.wrappixel.com/dist/css/icons/flag-icon-css/flags/eh.svg]
[www.ampleadmin.wrappixel.com/dist/css/icons/flag-icon-css/flags/er.svg]
[www.ampleadmin.wrappixel.com/dist/css/icons/flag-icon-css/flags/es.svg]
[www.ampleadmin.wrappixel.com/dist/css/icons/flag-icon-css/flags/et.svg]
[www.ampleadmin.wrappixel.com/dist/css/icons/flag-icon-css/flags/fi.svg]
[www.ampleadmin.wrappixel.com/dist/css/icons/flag-icon-css/flags/fj.svg]
[www.ampleadmin.wrappixel.com/dist/css/icons/flag-icon-css/flags/fk.svg]
[www.ampleadmin.wrappixel.com/dist/css/icons/flag-icon-css/flags/fm.svg]
[www.ampleadmin.wrappixel.com/dist/css/icons/flag-icon-css/flags/fo.svg]
[www.ampleadmin.wrappixel.com/dist/css/icons/flag-icon-css/flags/fr.svg]
[www.ampleadmin.wrappixel.com/dist/css/icons/flag-icon-css/flags/ga.svg]
[www.ampleadmin.wrappixel.com/dist/css/icons/flag-icon-css/flags/gb.svg]
[www.ampleadmin.wrappixel.com/dist/css/icons/flag-icon-css/flags/gd.svg]
[www.ampleadmin.wrappixel.com/dist/css/icons/flag-icon-css/flags/ge.svg]
[www.ampleadmin.wrappixel.com/dist/css/icons/flag-icon-css/flags/gf.svg]
[www.ampleadmin.wrappixel.com/dist/css/icons/flag-icon-css/flags/gg.svg]
[www.ampleadmin.wrappixel.com/dist/css/icons/flag-icon-css/flags/gh.svg]
[www.ampleadmin.wrappixel.com/dist/css/icons/flag-icon-css/flags/gi.svg]
[www.ampleadmin.wrappixel.com/dist/css/icons/flag-icon-css/flags/gl.svg]
[www.ampleadmin.wrappixel.com/dist/css/icons/flag-icon-css/flags/gm.svg]
[www.ampleadmin.wrappixel.com/dist/css/icons/flag-icon-css/flags/gn.svg]
[www.ampleadmin.wrappixel.com/dist/css/icons/flag-icon-css/flags/gp.svg]
[www.ampleadmin.wrappixel.com/dist/css/icons/flag-icon-css/flags/gq.svg]
[www.ampleadmin.wrappixel.com/dist/css/icons/flag-icon-css/flags/gr.svg]
[www.ampleadmin.wrappixel.com/dist/css/icons/flag-icon-css/flags/gs.svg]
[www.ampleadmin.wrappixel.com/dist/css/icons/flag-icon-css/flags/gt.svg]
[www.ampleadmin.wrappixel.com/dist/css/icons/flag-icon-css/flags/gu.svg]
[www.ampleadmin.wrappixel.com/dist/css/icons/flag-icon-css/flags/gw.svg]
[www.ampleadmin.wrappixel.com/dist/css/icons/flag-icon-css/flags/gy.svg]
[www.ampleadmin.wrappixel.com/dist/css/icons/flag-icon-css/flags/hk.svg]
[www.ampleadmin.wrappixel.com/dist/css/icons/flag-icon-css/flags/hm.svg]
[www.ampleadmin.wrappixel.com/dist/css/icons/flag-icon-css/flags/hn.svg]
[www.ampleadmin.wrappixel.com/dist/css/icons/flag-icon-css/flags/hr.svg]
[www.ampleadmin.wrappixel.com/dist/css/icons/flag-icon-css/flags/ht.svg]
[www.ampleadmin.wrappixel.com/dist/css/icons/flag-icon-css/flags/hu.svg]
[www.ampleadmin.wrappixel.com/dist/css/icons/flag-icon-css/flags/id.svg]
[www.ampleadmin.wrappixel.com/dist/css/icons/flag-icon-css/flags/ie.svg]
[www.ampleadmin.wrappixel.com/dist/css/icons/flag-icon-css/flags/il.svg]
[www.ampleadmin.wrappixel.com/dist/css/icons/flag-icon-css/flags/im.svg]
[www.ampleadmin.wrappixel.com/dist/css/icons/flag-icon-css/flags/in.svg]
[www.ampleadmin.wrappixel.com/dist/css/icons/flag-icon-css/flags/io.svg]
[www.ampleadmin.wrappixel.com/dist/css/icons/flag-icon-css/flags/iq.svg]
[www.ampleadmin.wrappixel.com/dist/css/icons/flag-icon-css/flags/ir.svg]
[www.ampleadmin.wrappixel.com/dist/css/icons/flag-icon-css/flags/is.svg]
[www.ampleadmin.wrappixel.com/dist/css/icons/flag-icon-css/flags/it.svg]
[www.ampleadmin.wrappixel.com/dist/css/icons/flag-icon-css/flags/je.svg]
[www.ampleadmin.wrappixel.com/dist/css/icons/flag-icon-css/flags/jm.svg]
[www.ampleadmin.wrappixel.com/dist/css/icons/flag-icon-css/flags/jo.svg]
[www.ampleadmin.wrappixel.com/dist/css/icons/flag-icon-css/flags/jp.svg]
[www.ampleadmin.wrappixel.com/dist/css/icons/flag-icon-css/flags/ke.svg]
[www.ampleadmin.wrappixel.com/dist/css/icons/flag-icon-css/flags/kg.svg]
[www.ampleadmin.wrappixel.com/dist/css/icons/flag-icon-css/flags/kh.svg]
[www.ampleadmin.wrappixel.com/dist/css/icons/flag-icon-css/flags/ki.svg]
[www.ampleadmin.wrappixel.com/dist/css/icons/flag-icon-css/flags/km.svg]
[www.ampleadmin.wrappixel.com/dist/css/icons/flag-icon-css/flags/kn.svg]
[www.ampleadmin.wrappixel.com/dist/css/icons/flag-icon-css/flags/kp.svg]
[www.ampleadmin.wrappixel.com/dist/css/icons/flag-icon-css/flags/kr.svg]
[www.ampleadmin.wrappixel.com/dist/css/icons/flag-icon-css/flags/kw.svg]
[www.ampleadmin.wrappixel.com/dist/css/icons/flag-icon-css/flags/ky.svg]
[www.ampleadmin.wrappixel.com/dist/css/icons/flag-icon-css/flags/kz.svg]
[www.ampleadmin.wrappixel.com/dist/css/icons/flag-icon-css/flags/la.svg]
[www.ampleadmin.wrappixel.com/dist/css/icons/flag-icon-css/flags/lb.svg]
[www.ampleadmin.wrappixel.com/dist/css/icons/flag-icon-css/flags/lc.svg]
[www.ampleadmin.wrappixel.com/dist/css/icons/flag-icon-css/flags/li.svg]
[www.ampleadmin.wrappixel.com/dist/css/icons/flag-icon-css/flags/lk.svg]
[www.ampleadmin.wrappixel.com/dist/css/icons/flag-icon-css/flags/lr.svg]
[www.ampleadmin.wrappixel.com/dist/css/icons/flag-icon-css/flags/ls.svg]
[www.ampleadmin.wrappixel.com/dist/css/icons/flag-icon-css/flags/lt.svg]
[www.ampleadmin.wrappixel.com/dist/css/icons/flag-icon-css/flags/lu.svg]
[www.ampleadmin.wrappixel.com/dist/css/icons/flag-icon-css/flags/lv.svg]
[www.ampleadmin.wrappixel.com/dist/css/icons/flag-icon-css/flags/ly.svg]
[www.ampleadmin.wrappixel.com/dist/css/icons/flag-icon-css/flags/ma.svg]
[www.ampleadmin.wrappixel.com/dist/css/icons/flag-icon-css/flags/mc.svg]
[www.ampleadmin.wrappixel.com/dist/css/icons/flag-icon-css/flags/md.svg]
[www.ampleadmin.wrappixel.com/dist/css/icons/flag-icon-css/flags/me.svg]
[www.ampleadmin.wrappixel.com/dist/css/icons/flag-icon-css/flags/mf.svg]
[www.ampleadmin.wrappixel.com/dist/css/icons/flag-icon-css/flags/mg.svg]
[www.ampleadmin.wrappixel.com/dist/css/icons/flag-icon-css/flags/mh.svg]
[www.ampleadmin.wrappixel.com/dist/css/icons/flag-icon-css/flags/mk.svg]
[www.ampleadmin.wrappixel.com/dist/css/icons/flag-icon-css/flags/ml.svg]
[www.ampleadmin.wrappixel.com/dist/css/icons/flag-icon-css/flags/mm.svg]
[www.ampleadmin.wrappixel.com/dist/css/icons/flag-icon-css/flags/mn.svg]
[www.ampleadmin.wrappixel.com/dist/css/icons/flag-icon-css/flags/mo.svg]
[www.ampleadmin.wrappixel.com/dist/css/icons/flag-icon-css/flags/mp.svg]
[www.ampleadmin.wrappixel.com/dist/css/icons/flag-icon-css/flags/mq.svg]
[www.ampleadmin.wrappixel.com/dist/css/icons/flag-icon-css/flags/mr.svg]
[www.ampleadmin.wrappixel.com/dist/css/icons/flag-icon-css/flags/ms.svg]
[www.ampleadmin.wrappixel.com/dist/css/icons/flag-icon-css/flags/mt.svg]
[www.ampleadmin.wrappixel.com/dist/css/icons/flag-icon-css/flags/mu.svg]
[www.ampleadmin.wrappixel.com/dist/css/icons/flag-icon-css/flags/mv.svg]
[www.ampleadmin.wrappixel.com/dist/css/icons/flag-icon-css/flags/mw.svg]
[www.ampleadmin.wrappixel.com/dist/css/icons/flag-icon-css/flags/mx.svg]
[www.ampleadmin.wrappixel.com/dist/css/icons/flag-icon-css/flags/my.svg]
[www.ampleadmin.wrappixel.com/dist/css/icons/flag-icon-css/flags/mz.svg]
[www.ampleadmin.wrappixel.com/dist/css/icons/flag-icon-css/flags/na.svg]
[www.ampleadmin.wrappixel.com/dist/css/icons/flag-icon-css/flags/nc.svg]
[www.ampleadmin.wrappixel.com/dist/css/icons/flag-icon-css/flags/ne.svg]
[www.ampleadmin.wrappixel.com/dist/css/icons/flag-icon-css/flags/nf.svg]
[www.ampleadmin.wrappixel.com/dist/css/icons/flag-icon-css/flags/ng.svg]
[www.ampleadmin.wrappixel.com/dist/css/icons/flag-icon-css/flags/ni.svg]
[www.ampleadmin.wrappixel.com/dist/css/icons/flag-icon-css/flags/nl.svg]
[www.ampleadmin.wrappixel.com/dist/css/icons/flag-icon-css/flags/no.svg]
[www.ampleadmin.wrappixel.com/dist/css/icons/flag-icon-css/flags/np.svg]
[www.ampleadmin.wrappixel.com/dist/css/icons/flag-icon-css/flags/nr.svg]
[www.ampleadmin.wrappixel.com/dist/css/icons/flag-icon-css/flags/nu.svg]
[www.ampleadmin.wrappixel.com/dist/css/icons/flag-icon-css/flags/nz.svg]
[www.ampleadmin.wrappixel.com/dist/css/icons/flag-icon-css/flags/om.svg]
[www.ampleadmin.wrappixel.com/dist/css/icons/flag-icon-css/flags/pa.svg]
[www.ampleadmin.wrappixel.com/dist/css/icons/flag-icon-css/flags/pe.svg]
[www.ampleadmin.wrappixel.com/dist/css/icons/flag-icon-css/flags/pf.svg]
[www.ampleadmin.wrappixel.com/dist/css/icons/flag-icon-css/flags/pg.svg]
[www.ampleadmin.wrappixel.com/dist/css/icons/flag-icon-css/flags/ph.svg]
[www.ampleadmin.wrappixel.com/dist/css/icons/flag-icon-css/flags/pk.svg]
[www.ampleadmin.wrappixel.com/dist/css/icons/flag-icon-css/flags/pl.svg]
[www.ampleadmin.wrappixel.com/dist/css/icons/flag-icon-css/flags/pm.svg]
[www.ampleadmin.wrappixel.com/dist/css/icons/flag-icon-css/flags/pn.svg]
[www.ampleadmin.wrappixel.com/dist/css/icons/flag-icon-css/flags/pr.svg]
[www.ampleadmin.wrappixel.com/dist/css/icons/flag-icon-css/flags/ps.svg]
[www.ampleadmin.wrappixel.com/dist/css/icons/flag-icon-css/flags/pt.svg]
[www.ampleadmin.wrappixel.com/dist/css/icons/flag-icon-css/flags/pw.svg]
[www.ampleadmin.wrappixel.com/dist/css/icons/flag-icon-css/flags/py.svg]
[www.ampleadmin.wrappixel.com/dist/css/icons/flag-icon-css/flags/qa.svg]
[www.ampleadmin.wrappixel.com/dist/css/icons/flag-icon-css/flags/re.svg]
[www.ampleadmin.wrappixel.com/dist/css/icons/flag-icon-css/flags/ro.svg]
[www.ampleadmin.wrappixel.com/dist/css/icons/flag-icon-css/flags/rs.svg]
[www.ampleadmin.wrappixel.com/dist/css/icons/flag-icon-css/flags/ru.svg]
[www.ampleadmin.wrappixel.com/dist/css/icons/flag-icon-css/flags/rw.svg]
[www.ampleadmin.wrappixel.com/dist/css/icons/flag-icon-css/flags/sa.svg]
[www.ampleadmin.wrappixel.com/dist/css/icons/flag-icon-css/flags/sb.svg]
[www.ampleadmin.wrappixel.com/dist/css/icons/flag-icon-css/flags/sc.svg]
[www.ampleadmin.wrappixel.com/dist/css/icons/flag-icon-css/flags/sd.svg]
[www.ampleadmin.wrappixel.com/dist/css/icons/flag-icon-css/flags/se.svg]
[www.ampleadmin.wrappixel.com/dist/css/icons/flag-icon-css/flags/sg.svg]
[www.ampleadmin.wrappixel.com/dist/css/icons/flag-icon-css/flags/sh.svg]
[www.ampleadmin.wrappixel.com/dist/css/icons/flag-icon-css/flags/si.svg]
[www.ampleadmin.wrappixel.com/dist/css/icons/flag-icon-css/flags/sj.svg]
[www.ampleadmin.wrappixel.com/dist/css/icons/flag-icon-css/flags/sk.svg]
[www.ampleadmin.wrappixel.com/dist/css/icons/flag-icon-css/flags/sl.svg]
[www.ampleadmin.wrappixel.com/dist/css/icons/flag-icon-css/flags/sm.svg]
[www.ampleadmin.wrappixel.com/dist/css/icons/flag-icon-css/flags/sn.svg]
[www.ampleadmin.wrappixel.com/dist/css/icons/flag-icon-css/flags/so.svg]
[www.ampleadmin.wrappixel.com/dist/css/icons/flag-icon-css/flags/sr.svg]
[www.ampleadmin.wrappixel.com/dist/css/icons/flag-icon-css/flags/ss.svg]
[www.ampleadmin.wrappixel.com/dist/css/icons/flag-icon-css/flags/st.svg]
[www.ampleadmin.wrappixel.com/dist/css/icons/flag-icon-css/flags/sv.svg]
[www.ampleadmin.wrappixel.com/dist/css/icons/flag-icon-css/flags/sx.svg]
[www.ampleadmin.wrappixel.com/dist/css/icons/flag-icon-css/flags/sy.svg]
[www.ampleadmin.wrappixel.com/dist/css/icons/flag-icon-css/flags/sz.svg]
[www.ampleadmin.wrappixel.com/dist/css/icons/flag-icon-css/flags/tc.svg]
[www.ampleadmin.wrappixel.com/dist/css/icons/flag-icon-css/flags/td.svg]
[www.ampleadmin.wrappixel.com/dist/css/icons/flag-icon-css/flags/tf.svg]
[www.ampleadmin.wrappixel.com/dist/css/icons/flag-icon-css/flags/tg.svg]
[www.ampleadmin.wrappixel.com/dist/css/icons/flag-icon-css/flags/th.svg]
[www.ampleadmin.wrappixel.com/dist/css/icons/flag-icon-css/flags/tj.svg]
[www.ampleadmin.wrappixel.com/dist/css/icons/flag-icon-css/flags/tk.svg]
[www.ampleadmin.wrappixel.com/dist/css/icons/flag-icon-css/flags/tl.svg]
[www.ampleadmin.wrappixel.com/dist/css/icons/flag-icon-css/flags/tm.svg]
[www.ampleadmin.wrappixel.com/dist/css/icons/flag-icon-css/flags/tn.svg]
[www.ampleadmin.wrappixel.com/dist/css/icons/flag-icon-css/flags/to.svg]
[www.ampleadmin.wrappixel.com/dist/css/icons/flag-icon-css/flags/tr.svg]
[www.ampleadmin.wrappixel.com/dist/css/icons/flag-icon-css/flags/tt.svg]
[www.ampleadmin.wrappixel.com/dist/css/icons/flag-icon-css/flags/tv.svg]
[www.ampleadmin.wrappixel.com/dist/css/icons/flag-icon-css/flags/tw.svg]
[www.ampleadmin.wrappixel.com/dist/css/icons/flag-icon-css/flags/tz.svg]
[www.ampleadmin.wrappixel.com/dist/css/icons/flag-icon-css/flags/ua.svg]
[www.ampleadmin.wrappixel.com/dist/css/icons/flag-icon-css/flags/ug.svg]
[www.ampleadmin.wrappixel.com/dist/css/icons/flag-icon-css/flags/um.svg]
[www.ampleadmin.wrappixel.com/dist/css/icons/flag-icon-css/flags/us.svg]
[www.ampleadmin.wrappixel.com/dist/css/icons/flag-icon-css/flags/uy.svg]
[www.ampleadmin.wrappixel.com/dist/css/icons/flag-icon-css/flags/uz.svg]
[www.ampleadmin.wrappixel.com/dist/css/icons/flag-icon-css/flags/va.svg]
[www.ampleadmin.wrappixel.com/dist/css/icons/flag-icon-css/flags/vc.svg]
[www.ampleadmin.wrappixel.com/dist/css/icons/flag-icon-css/flags/ve.svg]
[www.ampleadmin.wrappixel.com/dist/css/icons/flag-icon-css/flags/vg.svg]
[www.ampleadmin.wrappixel.com/dist/css/icons/flag-icon-css/flags/vi.svg]
[www.ampleadmin.wrappixel.com/dist/css/icons/flag-icon-css/flags/vn.svg]
[www.ampleadmin.wrappixel.com/dist/css/icons/flag-icon-css/flags/vu.svg]
[www.ampleadmin.wrappixel.com/dist/css/icons/flag-icon-css/flags/wf.svg]
[www.ampleadmin.wrappixel.com/dist/css/icons/flag-icon-css/flags/ws.svg]
[www.ampleadmin.wrappixel.com/dist/css/icons/flag-icon-css/flags/ye.svg]
[www.ampleadmin.wrappixel.com/dist/css/icons/flag-icon-css/flags/yt.svg]
[www.ampleadmin.wrappixel.com/dist/css/icons/flag-icon-css/flags/za.svg]
[www.ampleadmin.wrappixel.com/dist/css/icons/flag-icon-css/flags/zm.svg]
[www.ampleadmin.wrappixel.com/dist/css/icons/flag-icon-css/flags/zw.svg]
[www.ampleadmin.wrappixel.com/dist/css/icons/material-design-iconic-font/fonts/materialdesignicons-webfontdc99.html]
[www.ampleadmin.wrappixel.com/dist/css/icons/material-design-iconic-font/fonts/materialdesignicons-webfontdc99.svg]
[www.ampleadmin.wrappixel.com/dist/css/icons/crypto-icons/cryptocoins.html]
[www.ampleadmin.wrappixel.com/assets/libs/chartist/dist/chartist.min.css]
[www.ampleadmin.wrappixel.com/assets/libs/chartist-plugin-tooltips/dist/chartist-plugin-tooltip.css]
[www.ampleadmin.wrappixel.com/assets/libs/morris.js/morris.css]
[www.ampleadmin.wrappixel.com/assets/extra-libs/c3/c3.min.css]
[www.ampleadmin.wrappixel.com/assets/libs/fullcalendar/dist/fullcalendar.min.css]
[www.ampleadmin.wrappixel.com/assets/extra-libs/calendar/calendar.css]
[www.ampleadmin.wrappixel.com/dist/js/pages/chartist/chartist-init.css]
[www.ampleadmin.wrappixel.com/dist/css/icons/font-awesome/webfonts/fa-regular-400.ttf]
[www.ampleadmin.wrappixel.com/assets/extra-libs/jvector/jquery-jvectormap-2.0.2.css]
[www.ampleadmin.wrappixel.com/dist/js/pages/dashboards/dashboard2.js]
[www.ampleadmin.wrappixel.com/assets/extra-libs/jvector/jvector.css]
[www.ampleadmin.wrappixel.com/assets/libs/magnific-popup/dist/magnific-popup.css]
[www.ampleadmin.wrappixel.com/assets/extra-libs/datatables.net-bs4/css/dataTables.bootstrap4.css]
[www.ampleadmin.wrappixel.com/assets/extra-libs/prism/prism.css]
[www.ampleadmin.wrappixel.com/ampleadmin-html/ampleadmin-sidebar/pages-animation.html]
[www.ampleadmin.wrappixel.com/ampleadmin-html/ampleadmin-sidebar/pages-search-result.html]
[www.ampleadmin.wrappixel.com/ampleadmin-html/ampleadmin-sidebar/pages-gallery.html]
[www.ampleadmin.wrappixel.com/ampleadmin-html/ampleadmin-sidebar/pages-treeview.html]
[www.ampleadmin.wrappixel.com/assets/libs/bootstrap-datepicker/dist/css/bootstrap-datepicker.min.css]
[www.ampleadmin.wrappixel.com/assets/images/background/img3.jpg]
[www.ampleadmin.wrappixel.com/assets/libs/summernote/dist/font/summernoted41d.eot]
[www.ampleadmin.wrappixel.com/assets/libs/summernote/dist/font/summernote9d3d.woff]
[www.ampleadmin.wrappixel.com/assets/libs/summernote/dist/font/summernote9d3d.ttf]
[www.ampleadmin.wrappixel.com/assets/libs/summernote/dist/summernote-bs4.css]
[www.ampleadmin.wrappixel.com/assets/libs/dropzone/dist/min/dropzone.min.css]
[www.ampleadmin.wrappixel.com/assets/libs/footable/css/footable.bootstrap.min.css]
[www.ampleadmin.wrappixel.com/assets/extra-libs/taskboard/css/taskboard.css]
[www.ampleadmin.wrappixel.com/assets/extra-libs/taskboard/css/lobilist.css]
[www.ampleadmin.wrappixel.com/assets/extra-libs/taskboard/css/jquery-ui.min.css]
[www.ampleadmin.wrappixel.com/assets/libs/bootstrap-touchspin/dist/jquery.bootstrap-touchspin.min.css]
[www.ampleadmin.wrappixel.com/assets/libs/bootstrap-switch/dist/css/bootstrap3/bootstrap-switch.min.css]
[www.ampleadmin.wrappixel.com/assets/libs/select2/dist/css/select2.min.css]
[www.ampleadmin.wrappixel.com/assets/libs/bootstrap-duallistbox/dist/bootstrap-duallistbox.min.css]
[www.ampleadmin.wrappixel.com/assets/libs/x-editable/dist/bootstrap3-editable/img/loading.gif]
[www.ampleadmin.wrappixel.com/assets/libs/x-editable/dist/bootstrap3-editable/img/clear.png]
[www.ampleadmin.wrappixel.com/assets/libs/x-editable/dist/bootstrap3-editable/css/bootstrap-editable.css]
[www.ampleadmin.wrappixel.com/assets/extra-libs/date-paginator/date-paginator-custom.css]
[www.ampleadmin.wrappixel.com/assets/libs/cropper/dist/cropper.min.css]
[www.ampleadmin.wrappixel.com/assets/libs/@claviska/jquery-minicolors/jquery.minicolors.png]
[www.ampleadmin.wrappixel.com/assets/libs/@claviska/jquery-minicolors/jquery.minicolors.css]
[www.ampleadmin.wrappixel.com/assets/libs/pickadate/lib/themes/default.css]
[www.ampleadmin.wrappixel.com/assets/libs/pickadate/lib/themes/default.date.css]
[www.ampleadmin.wrappixel.com/assets/libs/pickadate/lib/themes/default.time.css]
[www.ampleadmin.wrappixel.com/assets/libs/daterangepicker/daterangepicker.css]
[www.ampleadmin.wrappixel.com/assets/libs/bootstrap-material-datetimepicker/css/bootstrap-material-datetimepicker.css]
[www.ampleadmin.wrappixel.com/assets/libs/ckeditor/samples/toolbarconfigurator/lib/codemirror/neo.css]
[www.ampleadmin.wrappixel.com/assets/libs/ckeditor/samples/css/samples.css]
[www.ampleadmin.wrappixel.com/assets/libs/quill/dist/quill.snow.css]
[www.ampleadmin.wrappixel.com/assets/libs/jquery-steps/steps.css]
[www.ampleadmin.wrappixel.com/assets/libs/bootstrap-table/dist/bootstrap-table.min.css]
[www.ampleadmin.wrappixel.com/assets/libs/jsgrid/dist/jsgrid-theme.min.css]
[www.ampleadmin.wrappixel.com/assets/libs/jsgrid/dist/jsgrid.min.css]
[www.ampleadmin.wrappixel.com/assets/libs/tablesaw/dist/tablesaw.css]
[www.ampleadmin.wrappixel.com/assets/extra-libs/css-chart/css-chart.css]
[www.ampleadmin.wrappixel.com/assets/libs/dragula/dist/dragula.min.css]
[www.ampleadmin.wrappixel.com/assets/libs/sweetalert2/dist/sweetalert2.min.css]
[www.ampleadmin.wrappixel.com/assets/libs/nestable/nestable.css]
[www.ampleadmin.wrappixel.com/assets/libs/nouislider/distribute/nouislider.min.css]
[www.ampleadmin.wrappixel.com/assets/extra-libs/nouislider/palette-noui.css]
[www.ampleadmin.wrappixel.com/assets/extra-libs/nouislider/noui-slider.min.css]
[www.ampleadmin.wrappixel.com/assets/libs/jquery-steps/jquery.steps.css]
[www.ampleadmin.wrappixel.com/assets/libs/ckeditor/samples/js/sample.js]
[www.ampleadmin.wrappixel.com/assets/libs/raty-js/lib/fonts/raty.eot]
[www.ampleadmin.wrappixel.com/assets/libs/raty-js/lib/fonts/ratyd41d.eot]
[www.ampleadmin.wrappixel.com/assets/libs/raty-js/lib/fonts/raty.svg]
[www.ampleadmin.wrappixel.com/assets/libs/raty-js/lib/fonts/raty.ttf]
[www.ampleadmin.wrappixel.com/assets/libs/raty-js/lib/fonts/raty.woff]
[www.ampleadmin.wrappixel.com/assets/libs/raty-js/lib/jquery.raty.css]
[www.ampleadmin.wrappixel.com/assets/libs/toastr/build/toastr.min.css]
[www.ampleadmin.wrappixel.com/assets/libs/gmaps/map.css]
[www.ampleadmin.wrappixel.com/assets/extra-libs/horizontal-timeline/horizontal-timeline.css]
[www.ampleadmin.wrappixel.com/dist/css/icons/font-awesome/webfonts/fa-regular-400.svg]
[www.ampleadmin.wrappixel.com/assets/extra-libs/jvector/jvector.css]
[www.ampleadmin.wrappixel.com/assets/extra-libs/jvector/jquery-jvectormap-2.0.2.css]
[www.ampleadmin.wrappixel.com/assets/images/browser/photoshop.jpg]
[www.ampleadmin.wrappixel.com/assets/images/browser/sketch.jpg]
[www.ampleadmin.wrappixel.com/assets/libs/summernote/dist/font/summernote9d3d.eot]
[www.ampleadmin.wrappixel.com/assets/extra-libs/treeview/dist/bootstrap-treeview-init.js]
[www.ampleadmin.wrappixel.com/assets/libs/jquery-steps/jquery.steps.css]
[www.ampleadmin.wrappixel.com/assets/libs/raty-js/lib/fonts/raty.svg]
[www.ampleadmin.wrappixel.com/assets/extra-libs/treeview/dist/bootstrap-treeview.min.js]
[www.ampleadmin.wrappixel.com/ampleadmin-html/ampleadmin-sidebar/cropped.html]
[www.ampleadmin.wrappixel.com/ampleadmin-html/ampleadmin-sidebar/dist/js/pages/datatable/details_open.html]
[www.ampleadmin.wrappixel.com/ampleadmin-html/ampleadmin-sidebar/dist/js/pages/datatable/details_close.html]
[www.ampleadmin.wrappixel.com/assets/libs/Chart.js/dist/Chart.min.html]
[www.ampleadmin.wrappixel.com/ampleadmin-html/ampleadmin-sidebar/app-contact-detail.html]
[www.ampleadmin.wrappixel.com/assets/extra-libs/taskboard/css/images/ui-bg_highlight-soft_100_eeeeee_1x100.html]
[www.ampleadmin.wrappixel.com/assets/extra-libs/taskboard/css/images/ui-bg_gloss-wave_35_f6a828_500x100.html]
[www.ampleadmin.wrappixel.com/assets/extra-libs/taskboard/css/images/ui-bg_glass_100_f6f6f6_1x400.html]
[www.ampleadmin.wrappixel.com/assets/extra-libs/taskboard/css/images/ui-bg_glass_100_fdf5ce_1x400.html]
[www.ampleadmin.wrappixel.com/assets/extra-libs/taskboard/css/images/ui-bg_glass_65_ffffff_1x400.html]
[www.ampleadmin.wrappixel.com/assets/extra-libs/taskboard/css/images/ui-bg_highlight-soft_75_ffe45c_1x100.html]
[www.ampleadmin.wrappixel.com/assets/extra-libs/taskboard/css/images/ui-bg_diagonals-thick_18_b81900_40x40.html]
[www.ampleadmin.wrappixel.com/assets/extra-libs/taskboard/css/images/ui-icons_222222_256x240.html]
[www.ampleadmin.wrappixel.com/assets/extra-libs/taskboard/css/images/ui-icons_ffffff_256x240.html]
[www.ampleadmin.wrappixel.com/assets/extra-libs/taskboard/css/images/ui-icons_ef8c08_256x240.html]
[www.ampleadmin.wrappixel.com/assets/extra-libs/taskboard/css/images/ui-icons_228ef1_256x240.html]
[www.ampleadmin.wrappixel.com/assets/extra-libs/taskboard/css/images/ui-icons_ffd27a_256x240.html]
[www.ampleadmin.wrappixel.com/assets/extra-libs/taskboard/css/images/ui-bg_diagonals-thick_20_666666_40x40.html]
